Archive member included to satisfy reference by file (symbol)

c:/program files (x86)/atmel/studio/7.0/toolchain/arm/arm-gnu-toolchain/bin/../lib/gcc/arm-none-eabi/6.3.1/thumb/v7e-m\libgcc.a(_arm_addsubdf3.o)
                              src/main.o (__aeabi_dadd)
c:/program files (x86)/atmel/studio/7.0/toolchain/arm/arm-gnu-toolchain/bin/../lib/gcc/arm-none-eabi/6.3.1/thumb/v7e-m\libgcc.a(_arm_muldivdf3.o)
                              src/main.o (__aeabi_dmul)
c:/program files (x86)/atmel/studio/7.0/toolchain/arm/arm-gnu-toolchain/bin/../lib/gcc/arm-none-eabi/6.3.1/thumb/v7e-m\libgcc.a(_arm_fixdfsi.o)
                              src/main.o (__aeabi_d2iz)
c:/program files (x86)/atmel/studio/7.0/toolchain/arm/arm-gnu-toolchain/bin/../lib/gcc/arm-none-eabi/6.3.1/thumb/v7e-m\libgcc.a(_arm_fixunsdfsi.o)
                              src/main.o (__aeabi_d2uiz)
c:/program files (x86)/atmel/studio/7.0/toolchain/arm/arm-gnu-toolchain/bin/../lib/gcc/arm-none-eabi/6.3.1/../../../../arm-none-eabi/lib/thumb/v7e-m\libc.a(lib_a-exit.o)
                              c:/program files (x86)/atmel/studio/7.0/toolchain/arm/arm-gnu-toolchain/bin/../lib/gcc/arm-none-eabi/6.3.1/../../../../arm-none-eabi/lib/thumb/v7e-m/crt0.o (exit)
c:/program files (x86)/atmel/studio/7.0/toolchain/arm/arm-gnu-toolchain/bin/../lib/gcc/arm-none-eabi/6.3.1/../../../../arm-none-eabi/lib/thumb/v7e-m\libc.a(lib_a-impure.o)
                              c:/program files (x86)/atmel/studio/7.0/toolchain/arm/arm-gnu-toolchain/bin/../lib/gcc/arm-none-eabi/6.3.1/../../../../arm-none-eabi/lib/thumb/v7e-m\libc.a(lib_a-exit.o) (_global_impure_ptr)
c:/program files (x86)/atmel/studio/7.0/toolchain/arm/arm-gnu-toolchain/bin/../lib/gcc/arm-none-eabi/6.3.1/../../../../arm-none-eabi/lib/thumb/v7e-m\libc.a(lib_a-init.o)
                              c:/program files (x86)/atmel/studio/7.0/toolchain/arm/arm-gnu-toolchain/bin/../lib/gcc/arm-none-eabi/6.3.1/../../../../arm-none-eabi/lib/thumb/v7e-m/crt0.o (__libc_init_array)
c:/program files (x86)/atmel/studio/7.0/toolchain/arm/arm-gnu-toolchain/bin/../lib/gcc/arm-none-eabi/6.3.1/../../../../arm-none-eabi/lib/thumb/v7e-m\libc.a(lib_a-memset.o)
                              c:/program files (x86)/atmel/studio/7.0/toolchain/arm/arm-gnu-toolchain/bin/../lib/gcc/arm-none-eabi/6.3.1/../../../../arm-none-eabi/lib/thumb/v7e-m/crt0.o (memset)
c:/program files (x86)/atmel/studio/7.0/toolchain/arm/arm-gnu-toolchain/bin/../lib/gcc/arm-none-eabi/6.3.1/../../../../arm-none-eabi/lib/thumb/v7e-m\libc.a(lib_a-sprintf.o)
                              src/main.o (sprintf)
c:/program files (x86)/atmel/studio/7.0/toolchain/arm/arm-gnu-toolchain/bin/../lib/gcc/arm-none-eabi/6.3.1/../../../../arm-none-eabi/lib/thumb/v7e-m\libc.a(lib_a-svfprintf.o)
                              c:/program files (x86)/atmel/studio/7.0/toolchain/arm/arm-gnu-toolchain/bin/../lib/gcc/arm-none-eabi/6.3.1/../../../../arm-none-eabi/lib/thumb/v7e-m\libc.a(lib_a-sprintf.o) (_svfprintf_r)
c:/program files (x86)/atmel/studio/7.0/toolchain/arm/arm-gnu-toolchain/bin/../lib/gcc/arm-none-eabi/6.3.1/../../../../arm-none-eabi/lib/thumb/v7e-m\libc.a(lib_a-__call_atexit.o)
                              c:/program files (x86)/atmel/studio/7.0/toolchain/arm/arm-gnu-toolchain/bin/../lib/gcc/arm-none-eabi/6.3.1/../../../../arm-none-eabi/lib/thumb/v7e-m\libc.a(lib_a-exit.o) (__call_exitprocs)
c:/program files (x86)/atmel/studio/7.0/toolchain/arm/arm-gnu-toolchain/bin/../lib/gcc/arm-none-eabi/6.3.1/../../../../arm-none-eabi/lib/thumb/v7e-m\libc.a(lib_a-atexit.o)
                              c:/program files (x86)/atmel/studio/7.0/toolchain/arm/arm-gnu-toolchain/bin/../lib/gcc/arm-none-eabi/6.3.1/../../../../arm-none-eabi/lib/thumb/v7e-m\libc.a(lib_a-__call_atexit.o) (atexit)
c:/program files (x86)/atmel/studio/7.0/toolchain/arm/arm-gnu-toolchain/bin/../lib/gcc/arm-none-eabi/6.3.1/../../../../arm-none-eabi/lib/thumb/v7e-m\libc.a(lib_a-dtoa.o)
                              c:/program files (x86)/atmel/studio/7.0/toolchain/arm/arm-gnu-toolchain/bin/../lib/gcc/arm-none-eabi/6.3.1/../../../../arm-none-eabi/lib/thumb/v7e-m\libc.a(lib_a-svfprintf.o) (_dtoa_r)
c:/program files (x86)/atmel/studio/7.0/toolchain/arm/arm-gnu-toolchain/bin/../lib/gcc/arm-none-eabi/6.3.1/../../../../arm-none-eabi/lib/thumb/v7e-m\libc.a(lib_a-fini.o)
                              c:/program files (x86)/atmel/studio/7.0/toolchain/arm/arm-gnu-toolchain/bin/../lib/gcc/arm-none-eabi/6.3.1/../../../../arm-none-eabi/lib/thumb/v7e-m\libc.a(lib_a-__call_atexit.o) (__libc_fini_array)
c:/program files (x86)/atmel/studio/7.0/toolchain/arm/arm-gnu-toolchain/bin/../lib/gcc/arm-none-eabi/6.3.1/../../../../arm-none-eabi/lib/thumb/v7e-m\libc.a(lib_a-localeconv.o)
                              c:/program files (x86)/atmel/studio/7.0/toolchain/arm/arm-gnu-toolchain/bin/../lib/gcc/arm-none-eabi/6.3.1/../../../../arm-none-eabi/lib/thumb/v7e-m\libc.a(lib_a-svfprintf.o) (_localeconv_r)
[...]
Memory Configuration

Name             Origin             Length             Attributes
rom              0x00400000         0x00200000         xr
ram              0x20400000         0x00060000         xrw
*default*        0x00000000         0xffffffff

Linker script and memory map

LOAD c:/program files (x86)/atmel/studio/7.0/toolchain/arm/arm-gnu-toolchain/bin/../lib/gcc/arm-none-eabi/6.3.1/thumb/v7e-m/crti.o
LOAD c:/program files (x86)/atmel/studio/7.0/toolchain/arm/arm-gnu-toolchain/bin/../lib/gcc/arm-none-eabi/6.3.1/thumb/v7e-m/crtbegin.o
LOAD c:/program files (x86)/atmel/studio/7.0/toolchain/arm/arm-gnu-toolchain/bin/../lib/gcc/arm-none-eabi/6.3.1/../../../../arm-none-eabi/lib/thumb/v7e-m/crt0.o
LOAD src/ASF/sam/drivers/rtc/rtc.o
LOAD src/ASF/sam/drivers/rtt/rtt.o
LOAD src/ASF/sam/drivers/tc/tc.o
LOAD src/main.o
LOAD src/ASF/common/services/delay/sam/cycle_counter.o
LOAD src/ASF/common/services/spi/sam_spi/spi_master.o
LOAD src/ASF/sam/components/display/ili9488/ili9488.o
LOAD src/ASF/sam/drivers/spi/spi.o
LOAD src/ASF/common/services/clock/same70/sysclk.o
LOAD src/ASF/common/utils/interrupt/interrupt_sam_nvic.o
LOAD src/ASF/sam/boards/same70_xplained/init.o
LOAD src/ASF/sam/drivers/mpu/mpu.o
LOAD src/ASF/sam/drivers/pio/pio.o
LOAD src/ASF/sam/drivers/pio/pio_handler.o
LOAD src/ASF/sam/drivers/pmc/pmc.o
LOAD src/ASF/sam/drivers/pmc/sleep.o
LOAD src/ASF/sam/utils/cmsis/same70/source/templates/gcc/startup_same70.o
LOAD src/ASF/sam/utils/cmsis/same70/source/templates/system_same70.o
LOAD src/ASF/sam/utils/syscalls/gcc/syscalls.o
START GROUP
LOAD ../src/ASF/thirdparty/CMSIS/Lib/GCC\libarm_cortexM7lfsp_math_softfp.a
LOAD c:/program files (x86)/atmel/studio/7.0/toolchain/arm/arm-gnu-toolchain/bin/../lib/gcc/arm-none-eabi/6.3.1/../../../../arm-none-eabi/lib/thumb/v7e-m\libm.a
END GROUP
START GROUP
LOAD c:/program files (x86)/atmel/studio/7.0/toolchain/arm/arm-gnu-toolchain/bin/../lib/gcc/arm-none-eabi/6.3.1/thumb/v7e-m\libgcc.a
LOAD c:/program files (x86)/atmel/studio/7.0/toolchain/arm/arm-gnu-toolchain/bin/../lib/gcc/arm-none-eabi/6.3.1/../../../../arm-none-eabi/lib/thumb/v7e-m\libc.a
END GROUP
LOAD c:/program files (x86)/atmel/studio/7.0/toolchain/arm/arm-gnu-toolchain/bin/../lib/gcc/arm-none-eabi/6.3.1/thumb/v7e-m/crtend.o
LOAD c:/program files (x86)/atmel/studio/7.0/toolchain/arm/arm-gnu-toolchain/bin/../lib/gcc/arm-none-eabi/6.3.1/thumb/v7e-m/crtn.o
                0x00002000                STACK_SIZE = DEFINED (STACK_SIZE)?STACK_SIZE:0x2000
                0x2045fffc                __ram_end__ = ((ORIGIN (ram) + LENGTH (ram)) - 0x4)
                0x00000200                HEAP_SIZE = DEFINED (HEAP_SIZE)?HEAP_SIZE:0x200

.text           0x00400000    0x3506c
                0x00400000                . = ALIGN (0x4)
                0x00400000                _sfixed = .
 *(.vectors .vectors.*)
 .vectors       0x00400000      0x168 src/ASF/sam/utils/cmsis/same70/source/templates/gcc/startup_same70.o
                0x00400000                exception_table
 *(.text .text.* .gnu.linkonce.t.*)
 .text          0x00400168       0x6c c:/program files (x86)/atmel/studio/7.0/toolchain/arm/arm-gnu-toolchain/bin/../lib/gcc/arm-none-eabi/6.3.1/thumb/v7e-m/crtbegin.o
 .text.rtc_set_hour_mode
                0x004001d4       0x36 src/ASF/sam/drivers/rtc/rtc.o
                0x004001d4                rtc_set_hour_mode
 .text.rtc_enable_interrupt
                0x0040020a       0x1c src/ASF/sam/drivers/rtc/rtc.o
                0x0040020a                rtc_enable_interrupt
 .text.rtc_get_time
                0x00400226       0xc4 src/ASF/sam/drivers/rtc/rtc.o
                0x00400226                rtc_get_time
 *fill*         0x004002ea        0x2 
 .text.rtc_set_time
                0x004002ec      0x108 src/ASF/sam/drivers/rtc/rtc.o
                0x004002ec                rtc_set_time
 .text.rtc_set_date
                0x004003f4      0x140 src/ASF/sam/drivers/rtc/rtc.o
                0x004003f4                rtc_set_date
 .text.rtc_get_status
                0x00400534       0x18 src/ASF/sam/drivers/rtc/rtc.o
                0x00400534                rtc_get_status
 .text.rtc_clear_status
                0x0040054c       0x1c src/ASF/sam/drivers/rtc/rtc.o
                0x0040054c                rtc_clear_status
 .text.rtt_init
                0x00400568       0x30 src/ASF/sam/drivers/rtt/rtt.o
                0x00400568                rtt_init
 .text.rtt_sel_source
                0x00400598       0x58 src/ASF/sam/drivers/rtt/rtt.o
                0x00400598                rtt_sel_source
 .text.rtt_enable_interrupt
                0x004005f0       0x38 src/ASF/sam/drivers/rtt/rtt.o
                0x004005f0                rtt_enable_interrupt
 .text.rtt_disable_interrupt
                0x00400628       0x40 src/ASF/sam/drivers/rtt/rtt.o
                0x00400628                rtt_disable_interrupt
 .text.rtt_read_timer_value
                0x00400668       0x2e src/ASF/sam/drivers/rtt/rtt.o
                0x00400668                rtt_read_timer_value
 .text.rtt_get_status
                0x00400696       0x18 src/ASF/sam/drivers/rtt/rtt.o
                0x00400696                rtt_get_status
 *fill*         0x004006ae        0x2 
 .text.rtt_write_alarm_time
                0x004006b0       0x5c src/ASF/sam/drivers/rtt/rtt.o
                0x004006b0                rtt_write_alarm_time
 .text.NVIC_EnableIRQ
                0x0040070c       0x34 src/main.o
 .text.NVIC_DisableIRQ
                0x00400740       0x34 src/main.o
 .text.NVIC_ClearPendingIRQ
                0x00400774       0x34 src/main.o
 .text.NVIC_SetPriority
                0x004007a8       0x54 src/main.o
 .text.Button_Handler
                0x004007fc       0x2c src/main.o
                0x004007fc                Button_Handler
 .text.Button2_Handler
                0x00400828       0x28 src/main.o
                0x00400828                Button2_Handler
 .text.RTC_Handler
                0x00400850       0x70 src/main.o
                0x00400850                RTC_Handler
 .text.RTT_Handler
                0x004008c0      0x124 src/main.o
                0x004008c0                RTT_Handler
 .text.TC0_Handler
                0x004009e4        0xe src/main.o
                0x004009e4                TC0_Handler
 *fill*         0x004009f2        0x2 
 .text.pin_toggle
                0x004009f4       0x40 src/main.o
                0x004009f4                pin_toggle
 .text.io_init  0x00400a34       0x2c src/main.o
                0x00400a34                io_init
 .text.RTT_init
                0x00400a60      0x100 src/main.o
 .text.configure_lcd
                0x00400b60       0x4c src/main.o
                0x00400b60                configure_lcd
 .text.font_draw_text
                0x00400bac       0x88 src/main.o
                0x00400bac                font_draw_text
 .text.BUT_init
                0x00400c34       0x6c src/main.o
                0x00400c34                BUT_init
 .text.BUT2_init
                0x00400ca0       0x6c src/main.o
                0x00400ca0                BUT2_init
 .text.FuncRTC  0x00400d0c       0x9c src/main.o
                0x00400d0c                FuncRTC
 .text.countTime
                0x00400da8       0x70 src/main.o
                0x00400da8                countTime
 .text.RTC_init
                0x00400e18       0x84 src/main.o
                0x00400e18                RTC_init
 .text.main     0x00400e9c       0x80 src/main.o
                0x00400e9c                main
 .text.osc_get_rate
                0x00400f1c       0x74 src/ASF/common/services/spi/sam_spi/spi_master.o
 .text.sysclk_get_main_hz
                0x00400f90       0x20 src/ASF/common/services/spi/sam_spi/spi_master.o
 .text.sysclk_get_peripheral_hz
                0x00400fb0       0x14 src/ASF/common/services/spi/sam_spi/spi_master.o
 .text.spi_reset
                0x00400fc4       0x1a src/ASF/common/services/spi/sam_spi/spi_master.o
 .text.spi_set_master_mode
                0x00400fde       0x20 src/ASF/common/services/spi/sam_spi/spi_master.o
 .text.spi_set_fixed_peripheral_select
                0x00400ffe       0x20 src/ASF/common/services/spi/sam_spi/spi_master.o
 .text.spi_disable_peripheral_select_decode
                0x0040101e       0x20 src/ASF/common/services/spi/sam_spi/spi_master.o
 .text.spi_get_peripheral_select_decode_setting
                0x0040103e       0x26 src/ASF/common/services/spi/sam_spi/spi_master.o
 .text.spi_disable_mode_fault_detect
                0x00401064       0x20 src/ASF/common/services/spi/sam_spi/spi_master.o
 .text.spi_disable_loopback
                0x00401084       0x20 src/ASF/common/services/spi/sam_spi/spi_master.o
 .text.spi_put  0x004010a4       0x1e src/ASF/common/services/spi/sam_spi/spi_master.o
 .text.spi_get  0x004010c2       0x1a src/ASF/common/services/spi/sam_spi/spi_master.o
 .text.spi_is_tx_ready
                0x004010dc       0x26 src/ASF/common/services/spi/sam_spi/spi_master.o
 .text.spi_is_rx_ready
                0x00401102       0x2c src/ASF/common/services/spi/sam_spi/spi_master.o
 *fill*         0x0040112e        0x2 
 .text.spi_write_single
                0x00401130       0x24 src/ASF/common/services/spi/sam_spi/spi_master.o
 .text.spi_read_single
                0x00401154       0x24 src/ASF/common/services/spi/sam_spi/spi_master.o
 .text.spi_master_init
                0x00401178       0x70 src/ASF/common/services/spi/sam_spi/spi_master.o
                0x00401178                spi_master_init
 .text.spi_master_setup_device
                0x004011e8       0xb4 src/ASF/common/services/spi/sam_spi/spi_master.o
                0x004011e8                spi_master_setup_device
 .text.spi_select_device
                0x0040129c       0x58 src/ASF/common/services/spi/sam_spi/spi_master.o
                0x0040129c                spi_select_device
 .text.spi_write_packet
                0x004012f4       0x74 src/ASF/common/services/spi/sam_spi/spi_master.o
                0x004012f4                spi_write_packet
 .text.spi_read_packet
                0x00401368       0xac src/ASF/common/services/spi/sam_spi/spi_master.o
                0x00401368                spi_read_packet
 .text.spi_enable
                0x00401414       0x1a src/ASF/sam/components/display/ili9488/ili9488.o
 .text.spi_enable_interrupt
                0x0040142e       0x1c src/ASF/sam/components/display/ili9488/ili9488.o
 *fill*         0x0040144a        0x2 
 .text.ili9488_write_ram_prepare
                0x0040144c       0x40 src/ASF/sam/components/display/ili9488/ili9488.o
 .text.ili9488_write_ram_buffer
                0x0040148c       0x40 src/ASF/sam/components/display/ili9488/ili9488.o
 .text.ili9488_write_register
                0x004014cc       0x78 src/ASF/sam/components/display/ili9488/ili9488.o
 .text.ili9488_read_chipid
                0x00401544       0xcc src/ASF/sam/components/display/ili9488/ili9488.o
 .text.ili9488_delay
                0x00401610       0x40 src/ASF/sam/components/display/ili9488/ili9488.o
                0x00401610                ili9488_delay
 .text.ili9488_check_box_coordinates
                0x00401650       0xa2 src/ASF/sam/components/display/ili9488/ili9488.o
 *fill*         0x004016f2        0x2 
 .text.ili9488_set_display_direction
                0x004016f4       0x34 src/ASF/sam/components/display/ili9488/ili9488.o
                0x004016f4                ili9488_set_display_direction
 .text.ili9488_set_window
                0x00401728       0xc8 src/ASF/sam/components/display/ili9488/ili9488.o
                0x00401728                ili9488_set_window
 .text.ili9488_init
                0x004017f0      0x15c src/ASF/sam/components/display/ili9488/ili9488.o
                0x004017f0                ili9488_init
 .text.ili9488_display_on
                0x0040194c       0x18 src/ASF/sam/components/display/ili9488/ili9488.o
                0x0040194c                ili9488_display_on
 .text.ili9488_set_foreground_color
                0x00401964       0x54 src/ASF/sam/components/display/ili9488/ili9488.o
                0x00401964                ili9488_set_foreground_color
 .text.ili9488_set_cursor_position
                0x004019b8       0x84 src/ASF/sam/components/display/ili9488/ili9488.o
                0x004019b8                ili9488_set_cursor_position
 .text.ili9488_draw_filled_rectangle
                0x00401a3c       0xdc src/ASF/sam/components/display/ili9488/ili9488.o
                0x00401a3c                ili9488_draw_filled_rectangle
 .text.ili9488_draw_pixmap
                0x00401b18       0xb4 src/ASF/sam/components/display/ili9488/ili9488.o
                0x00401b18                ili9488_draw_pixmap
 .text.spi_get_peripheral_select_mode
                0x00401bcc       0x26 src/ASF/sam/drivers/spi/spi.o
 *fill*         0x00401bf2        0x2 
 .text.sysclk_enable_peripheral_clock
                0x00401bf4       0x1c src/ASF/sam/drivers/spi/spi.o
 .text.spi_enable_clock
                0x00401c10       0x3c src/ASF/sam/drivers/spi/spi.o
                0x00401c10                spi_enable_clock
 .text.spi_set_peripheral_chip_select_value
                0x00401c4c       0x34 src/ASF/sam/drivers/spi/spi.o
                0x00401c4c                spi_set_peripheral_chip_select_value
 .text.spi_set_delay_between_chip_select
                0x00401c80       0x30 src/ASF/sam/drivers/spi/spi.o
                0x00401c80                spi_set_delay_between_chip_select
 .text.spi_write
                0x00401cb0       0x80 src/ASF/sam/drivers/spi/spi.o
                0x00401cb0                spi_write
 .text.spi_set_clock_polarity
                0x00401d30       0x50 src/ASF/sam/drivers/spi/spi.o
                0x00401d30                spi_set_clock_polarity
 .text.spi_set_clock_phase
                0x00401d80       0x50 src/ASF/sam/drivers/spi/spi.o
                0x00401d80                spi_set_clock_phase
 .text.spi_configure_cs_behavior
                0x00401dd0       0xa6 src/ASF/sam/drivers/spi/spi.o
                0x00401dd0                spi_configure_cs_behavior
 .text.spi_set_bits_per_transfer
                0x00401e76       0x4a src/ASF/sam/drivers/spi/spi.o
                0x00401e76                spi_set_bits_per_transfer
 .text.spi_calc_baudrate_div
                0x00401ec0       0x3c src/ASF/sam/drivers/spi/spi.o
                0x00401ec0                spi_calc_baudrate_div
 .text.spi_set_baudrate_div
                0x00401efc       0x5e src/ASF/sam/drivers/spi/spi.o
                0x00401efc                spi_set_baudrate_div
 .text.spi_set_transfer_delay
                0x00401f5a       0x5e src/ASF/sam/drivers/spi/spi.o
                0x00401f5a                spi_set_transfer_delay
 .text.osc_enable
                0x00401fb8       0x88 src/ASF/common/services/clock/same70/sysclk.o
 .text.osc_is_ready
                0x00402040       0x70 src/ASF/common/services/clock/same70/sysclk.o
 .text.osc_get_rate
                0x004020b0       0x74 src/ASF/common/services/clock/same70/sysclk.o
 .text.osc_wait_ready
                0x00402124       0x2c src/ASF/common/services/clock/same70/sysclk.o
 .text.pll_config_init
                0x00402150       0x6c src/ASF/common/services/clock/same70/sysclk.o
 .text.pll_enable
                0x004021bc       0x40 src/ASF/common/services/clock/same70/sysclk.o
 .text.pll_is_locked
                0x004021fc       0x2c src/ASF/common/services/clock/same70/sysclk.o
 .text.pll_enable_source
                0x00402228       0x38 src/ASF/common/services/clock/same70/sysclk.o
 .text.pll_wait_for_lock
                0x00402260       0x24 src/ASF/common/services/clock/same70/sysclk.o
 .text.sysclk_get_main_hz
                0x00402284       0x20 src/ASF/common/services/clock/same70/sysclk.o
 .text.sysclk_get_cpu_hz
                0x004022a4       0x14 src/ASF/common/services/clock/same70/sysclk.o
 .text.sysclk_init
                0x004022b8       0x7c src/ASF/common/services/clock/same70/sysclk.o
                0x004022b8                sysclk_init
 .text.sysclk_enable_peripheral_clock
                0x00402334       0x1c src/ASF/sam/boards/same70_xplained/init.o
 .text.ioport_init
                0x00402350       0x2c src/ASF/sam/boards/same70_xplained/init.o
 .text.ioport_disable_pin
                0x0040237c       0x4c src/ASF/sam/boards/same70_xplained/init.o
 .text.ioport_set_pin_mode
                0x004023c8      0x11c src/ASF/sam/boards/same70_xplained/init.o
 .text.ioport_set_pin_dir
                0x004024e4       0x88 src/ASF/sam/boards/same70_xplained/init.o
 .text.ioport_set_pin_level
                0x0040256c       0x6c src/ASF/sam/boards/same70_xplained/init.o
 .text.ioport_set_pin_sense_mode
                0x004025d8       0xd0 src/ASF/sam/boards/same70_xplained/init.o
 .text.tcm_disable
                0x004026a8       0x44 src/ASF/sam/boards/same70_xplained/init.o
 .text.board_init
                0x004026ec      0x1ac src/ASF/sam/boards/same70_xplained/init.o
                0x004026ec                board_init
 .text.pio_pull_up
                0x00402898       0x2c src/ASF/sam/drivers/pio/pio.o
                0x00402898                pio_pull_up
 .text.pio_set  0x004028c4       0x1c src/ASF/sam/drivers/pio/pio.o
                0x004028c4                pio_set
 .text.pio_clear
                0x004028e0       0x1c src/ASF/sam/drivers/pio/pio.o
                0x004028e0                pio_clear
 .text.pio_set_peripheral
                0x004028fc      0x110 src/ASF/sam/drivers/pio/pio.o
                0x004028fc                pio_set_peripheral
 .text.pio_set_input
                0x00402a0c       0x80 src/ASF/sam/drivers/pio/pio.o
                0x00402a0c                pio_set_input
 .text.pio_set_output
                0x00402a8c       0x64 src/ASF/sam/drivers/pio/pio.o
                0x00402a8c                pio_set_output
 .text.pio_configure
                0x00402af0       0xcc src/ASF/sam/drivers/pio/pio.o
                0x00402af0                pio_configure
 .text.pio_get_output_data_status
                0x00402bbc       0x28 src/ASF/sam/drivers/pio/pio.o
                0x00402bbc                pio_get_output_data_status
 .text.pio_configure_interrupt
                0x00402be4       0x6c src/ASF/sam/drivers/pio/pio.o
                0x00402be4                pio_configure_interrupt
 .text.pio_enable_interrupt
                0x00402c50       0x1c src/ASF/sam/drivers/pio/pio.o
                0x00402c50                pio_enable_interrupt
 .text.pio_disable_interrupt
                0x00402c6c       0x1c src/ASF/sam/drivers/pio/pio.o
                0x00402c6c                pio_disable_interrupt
 .text.pio_get_interrupt_status
                0x00402c88       0x18 src/ASF/sam/drivers/pio/pio.o
                0x00402c88                pio_get_interrupt_status
 .text.pio_get_interrupt_mask
                0x00402ca0       0x18 src/ASF/sam/drivers/pio/pio.o
                0x00402ca0                pio_get_interrupt_mask
 .text.pio_set_pin_high
                0x00402cb8       0x30 src/ASF/sam/drivers/pio/pio.o
                0x00402cb8                pio_set_pin_high
 .text.pio_set_pin_low
                0x00402ce8       0x30 src/ASF/sam/drivers/pio/pio.o
                0x00402ce8                pio_set_pin_low
 .text.pio_configure_pin
                0x00402d18      0x1b0 src/ASF/sam/drivers/pio/pio.o
                0x00402d18                pio_configure_pin
 .text.pio_get_pin_group
                0x00402ec8       0x28 src/ASF/sam/drivers/pio/pio.o
                0x00402ec8                pio_get_pin_group
 .text.pio_handler_process
                0x00402ef0       0xb4 src/ASF/sam/drivers/pio/pio_handler.o
                0x00402ef0                pio_handler_process
 .text.pio_handler_set
                0x00402fa4       0xa0 src/ASF/sam/drivers/pio/pio_handler.o
                0x00402fa4                pio_handler_set
 .text.PIOA_Handler
                0x00403044       0x18 src/ASF/sam/drivers/pio/pio_handler.o
                0x00403044                PIOA_Handler
 .text.PIOB_Handler
                0x0040305c       0x18 src/ASF/sam/drivers/pio/pio_handler.o
                0x0040305c                PIOB_Handler
 .text.PIOC_Handler
                0x00403074       0x18 src/ASF/sam/drivers/pio/pio_handler.o
                0x00403074                PIOC_Handler
 .text.PIOD_Handler
                0x0040308c       0x18 src/ASF/sam/drivers/pio/pio_handler.o
                0x0040308c                PIOD_Handler
 .text.PIOE_Handler
                0x004030a4       0x18 src/ASF/sam/drivers/pio/pio_handler.o
                0x004030a4                PIOE_Handler
 .text.pmc_mck_set_division
                0x004030bc       0x7c src/ASF/sam/drivers/pmc/pmc.o
                0x004030bc                pmc_mck_set_division
 .text.pmc_switch_mck_to_pllack
                0x00403138       0x84 src/ASF/sam/drivers/pmc/pmc.o
                0x00403138                pmc_switch_mck_to_pllack
 .text.pmc_switch_sclk_to_32kxtal
                0x004031bc       0x38 src/ASF/sam/drivers/pmc/pmc.o
                0x004031bc                pmc_switch_sclk_to_32kxtal
 .text.pmc_osc_is_ready_32kxtal
                0x004031f4       0x34 src/ASF/sam/drivers/pmc/pmc.o
                0x004031f4                pmc_osc_is_ready_32kxtal
 .text.pmc_switch_mainck_to_fastrc
                0x00403228       0x70 src/ASF/sam/drivers/pmc/pmc.o
                0x00403228                pmc_switch_mainck_to_fastrc
 .text.pmc_switch_mainck_to_xtal
                0x00403298       0x78 src/ASF/sam/drivers/pmc/pmc.o
                0x00403298                pmc_switch_mainck_to_xtal
 .text.pmc_osc_is_ready_mainck
                0x00403310       0x1c src/ASF/sam/drivers/pmc/pmc.o
                0x00403310                pmc_osc_is_ready_mainck
 .text.pmc_disable_pllack
                0x0040332c       0x1c src/ASF/sam/drivers/pmc/pmc.o
                0x0040332c                pmc_disable_pllack
 .text.pmc_is_locked_pllack
                0x00403348       0x1c src/ASF/sam/drivers/pmc/pmc.o
                0x00403348                pmc_is_locked_pllack
 .text.pmc_is_locked_upll
                0x00403364       0x1c src/ASF/sam/drivers/pmc/pmc.o
                0x00403364                pmc_is_locked_upll
 .text.pmc_enable_periph_clk
                0x00403380       0x3c src/ASF/sam/drivers/pmc/pmc.o
                0x00403380                pmc_enable_periph_clk
 .text.pmc_set_flash_in_wait_mode
                0x004033bc       0x20 src/ASF/sam/drivers/pmc/pmc.o
                0x004033bc                pmc_set_flash_in_wait_mode
 .text.pmc_enable_waitmode
                0x004033dc       0x90 src/ASF/sam/drivers/pmc/pmc.o
                0x004033dc                pmc_enable_waitmode
 .text.pmc_sleep
                0x0040346c      0x398 src/ASF/sam/drivers/pmc/sleep.o
                0x0040346c                pmc_sleep
 .text.cpu_irq_save
                0x00403804       0x38 src/ASF/sam/utils/cmsis/same70/source/templates/gcc/startup_same70.o
 .text.cpu_irq_is_enabled_flags
                0x0040383c       0x20 src/ASF/sam/utils/cmsis/same70/source/templates/gcc/startup_same70.o
 .text.cpu_irq_restore
                0x0040385c       0x30 src/ASF/sam/utils/cmsis/same70/source/templates/gcc/startup_same70.o
 .text.Reset_Handler
                0x0040388c       0xb0 src/ASF/sam/utils/cmsis/same70/source/templates/gcc/startup_same70.o
                0x0040388c                Reset_Handler
 .text.Dummy_Handler
                0x0040393c        0x6 src/ASF/sam/utils/cmsis/same70/source/templates/gcc/startup_same70.o
                0x0040393c                DACC_Handler
                0x0040393c                DebugMon_Handler
                0x0040393c                UART3_Handler
                0x0040393c                UART2_Handler
                0x0040393c                TRNG_Handler
                0x0040393c                HardFault_Handler
                0x0040393c                TC2_Handler
                0x0040393c                SysTick_Handler
                0x0040393c                AFEC1_Handler
                0x0040393c                PendSV_Handler
                0x0040393c                NMI_Handler
                0x0040393c                TC7_Handler
                0x0040393c                QSPI_Handler
                0x0040393c                ISI_Handler
                0x0040393c                MCAN0_INT0_Handler
                0x0040393c                TC9_Handler
                0x0040393c                RSWDT_Handler
                0x0040393c                USART0_Handler
                0x0040393c                USBHS_Handler
                0x0040393c                IXC_Handler
                0x0040393c                CCF_Handler
                0x0040393c                UsageFault_Handler
                0x0040393c                TC6_Handler
                0x0040393c                WDT_Handler
                0x0040393c                MCAN1_INT1_Handler
                0x0040393c                TC4_Handler
                0x0040393c                TC1_Handler
                0x0040393c                HSMCI_Handler
                0x0040393c                UART1_Handler
                0x0040393c                TC3_Handler
                0x0040393c                Dummy_Handler
                0x0040393c                TWIHS1_Handler
                0x0040393c                XDMAC_Handler
                0x0040393c                UART4_Handler
                0x0040393c                PWM1_Handler
                0x0040393c                USART1_Handler
                0x0040393c                PWM0_Handler
                0x0040393c                AFEC0_Handler
                0x0040393c                CCW_Handler
                0x0040393c                TC11_Handler
                0x0040393c                SSC_Handler
                0x0040393c                ACC_Handler
                0x0040393c                PMC_Handler
                0x0040393c                GMAC_Handler
                0x0040393c                MCAN0_INT1_Handler
                0x0040393c                GMAC_Q5_Handler
                0x0040393c                MemManage_Handler
                0x0040393c                SUPC_Handler
                0x0040393c                SVC_Handler
                0x0040393c                TC8_Handler
                0x0040393c                MCAN1_INT0_Handler
                0x0040393c                EFC_Handler
                0x0040393c                GMAC_Q1_Handler
                0x0040393c                USART2_Handler
                0x0040393c                SDRAMC_Handler
                0x0040393c                GMAC_Q2_Handler
                0x0040393c                SPI1_Handler
                0x0040393c                TC10_Handler
                0x0040393c                GMAC_Q3_Handler
                0x0040393c                TWIHS2_Handler
                0x0040393c                I2SC0_Handler
                0x0040393c                UART0_Handler
                0x0040393c                I2SC1_Handler
                0x0040393c                GMAC_Q4_Handler
                0x0040393c                FPU_Handler
                0x0040393c                BusFault_Handler
                0x0040393c                RSTC_Handler
                0x0040393c                TC5_Handler
                0x0040393c                AES_Handler
                0x0040393c                ICM_Handler
                0x0040393c                TWIHS0_Handler
                0x0040393c                SPI0_Handler
 *fill*         0x00403942        0x2 
 .text.SystemCoreClockUpdate
                0x00403944      0x168 src/ASF/sam/utils/cmsis/same70/source/templates/system_same70.o
                0x00403944                SystemCoreClockUpdate
 .text.system_init_flash
                0x00403aac       0xb0 src/ASF/sam/utils/cmsis/same70/source/templates/system_same70.o
                0x00403aac                system_init_flash
 .text._sbrk    0x00403b5c       0x58 src/ASF/sam/utils/syscalls/gcc/syscalls.o
                0x00403b5c                _sbrk
 .text          0x00403bb4      0x370 c:/program files (x86)/atmel/studio/7.0/toolchain/arm/arm-gnu-toolchain/bin/../lib/gcc/arm-none-eabi/6.3.1/thumb/v7e-m\libgcc.a(_arm_addsubdf3.o)
                0x00403bb4                __aeabi_drsub
                0x00403bbc                __aeabi_dsub
                0x00403bbc                __subdf3
                0x00403bc0                __aeabi_dadd
                0x00403bc0                __adddf3
                0x00403e38                __floatunsidf
                0x00403e38                __aeabi_ui2d
                0x00403e58                __floatsidf
                0x00403e58                __aeabi_i2d
                0x00403e7c                __aeabi_f2d
                0x00403e7c                __extendsfdf2
                0x00403eb8                __floatundidf
                0x00403eb8                __aeabi_ul2d
                0x00403ec8                __floatdidf
                0x00403ec8                __aeabi_l2d
 .text          0x00403f24      0x424 c:/program files (x86)/atmel/studio/7.0/toolchain/arm/arm-gnu-toolchain/bin/../lib/gcc/arm-none-eabi/6.3.1/thumb/v7e-m\libgcc.a(_arm_muldivdf3.o)
                0x00403f24                __aeabi_dmul
                0x00403f24                __muldf3
                0x00404178                __divdf3
                0x00404178                __aeabi_ddiv
 .text          0x00404348       0x50 c:/program files (x86)/atmel/studio/7.0/toolchain/arm/arm-gnu-toolchain/bin/../lib/gcc/arm-none-eabi/6.3.1/thumb/v7e-m\libgcc.a(_arm_fixdfsi.o)
                0x00404348                __aeabi_d2iz
                0x00404348                __fixdfsi
 .text          0x00404398       0x40 c:/program files (x86)/atmel/studio/7.0/toolchain/arm/arm-gnu-toolchain/bin/../lib/gcc/arm-none-eabi/6.3.1/thumb/v7e-m\libgcc.a(_arm_fixunsdfsi.o)
                0x00404398                __aeabi_d2uiz
                0x00404398                __fixunsdfsi
 .text.__libc_init_array
                0x004043d8       0x50 c:/program files (x86)/atmel/studio/7.0/toolchain/arm/arm-gnu-toolchain/bin/../lib/gcc/arm-none-eabi/6.3.1/../../../../arm-none-eabi/lib/thumb/v7e-m\libc.a(lib_a-init.o)
                0x004043d8                __libc_init_array
 .text.memset   0x00404428       0x9c c:/program files (x86)/atmel/studio/7.0/toolchain/arm/arm-gnu-toolchain/bin/../lib/gcc/arm-none-eabi/6.3.1/../../../../arm-none-eabi/lib/thumb/v7e-m\libc.a(lib_a-memset.o)
                0x00404428                memset
 .text.sprintf  0x004044c4       0x4c c:/program files (x86)/atmel/studio/7.0/toolchain/arm/arm-gnu-toolchain/bin/../lib/gcc/arm-none-eabi/6.3.1/../../../../arm-none-eabi/lib/thumb/v7e-m\libc.a(lib_a-sprintf.o)
                0x004044c4                sprintf
 .text._svfprintf_r
                0x00404510     0x145c c:/program files (x86)/atmel/studio/7.0/toolchain/arm/arm-gnu-toolchain/bin/../lib/gcc/arm-none-eabi/6.3.1/../../../../arm-none-eabi/lib/thumb/v7e-m\libc.a(lib_a-svfprintf.o)
                0x00404510                _svfprintf_r
 .text.startup.register_fini
                0x0040596c       0x14 c:/program files (x86)/atmel/studio/7.0/toolchain/arm/arm-gnu-toolchain/bin/../lib/gcc/arm-none-eabi/6.3.1/../../../../arm-none-eabi/lib/thumb/v7e-m\libc.a(lib_a-__call_atexit.o)
 .text.atexit   0x00405980        0xc c:/program files (x86)/atmel/studio/7.0/toolchain/arm/arm-gnu-toolchain/bin/../lib/gcc/arm-none-eabi/6.3.1/../../../../arm-none-eabi/lib/thumb/v7e-m\libc.a(lib_a-atexit.o)
                0x00405980                atexit
 .text.quorem   0x0040598c      0x128 c:/program files (x86)/atmel/studio/7.0/toolchain/arm/arm-gnu-toolchain/bin/../lib/gcc/arm-none-eabi/6.3.1/../../../../arm-none-eabi/lib/thumb/v7e-m\libc.a(lib_a-dtoa.o)
 *fill*         0x00405ab4        0x4 
 .text._dtoa_r  0x00405ab8      0xe54 c:/program files (x86)/atmel/studio/7.0/toolchain/arm/arm-gnu-toolchain/bin/../lib/gcc/arm-none-eabi/6.3.1/../../../../arm-none-eabi/lib/thumb/v7e-m\libc.a(lib_a-dtoa.o)
                0x00405ab8                _dtoa_r
 .text.__libc_fini_array
                0x0040690c       0x34 c:/program files (x86)/atmel/studio/7.0/toolchain/arm/arm-gnu-toolchain/bin/../lib/gcc/arm-none-eabi/6.3.1/../../../../arm-none-eabi/lib/thumb/v7e-m\libc.a(lib_a-fini.o)
                0x0040690c                __libc_fini_array
 .text._localeconv_r
                0x00406940       0x1c c:/program files (x86)/atmel/studio/7.0/toolchain/arm/arm-gnu-toolchain/bin/../lib/gcc/arm-none-eabi/6.3.1/../../../../arm-none-eabi/lib/thumb/v7e-m\libc.a(lib_a-localeconv.o)
                0x00406940                _localeconv_r
 .text.__retarget_lock_acquire_recursive
                0x0040695c        0x4 c:/program files (x86)/atmel/studio/7.0/toolchain/arm/arm-gnu-toolchain/bin/../lib/gcc/arm-none-eabi/6.3.1/../../../../arm-none-eabi/lib/thumb/v7e-m\libc.a(lib_a-lock.o)
                0x0040695c                __retarget_lock_acquire_recursive
 .text.__retarget_lock_release_recursive
                0x00406960        0x4 c:/program files (x86)/atmel/studio/7.0/toolchain/arm/arm-gnu-toolchain/bin/../lib/gcc/arm-none-eabi/6.3.1/../../../../arm-none-eabi/lib/thumb/v7e-m\libc.a(lib_a-lock.o)
                0x00406960                __retarget_lock_release_recursive
 .text._malloc_r
                0x00406964      0x560 c:/program files (x86)/atmel/studio/7.0/toolchain/arm/arm-gnu-toolchain/bin/../lib/gcc/arm-none-eabi/6.3.1/../../../../arm-none-eabi/lib/thumb/v7e-m\libc.a(lib_a-mallocr.o)
                0x00406964                _malloc_r
 *fill*         0x00406ec4        0xc 
 .text          0x00406ed0       0xa0 c:/program files (x86)/atmel/studio/7.0/toolchain/arm/arm-gnu-toolchain/bin/../lib/gcc/arm-none-eabi/6.3.1/../../../../arm-none-eabi/lib/thumb/v7e-m\libc.a(lib_a-memchr.o)
                0x00406ed0                memchr
 .text          0x00406f70      0x134 c:/program files (x86)/atmel/studio/7.0/toolchain/arm/arm-gnu-toolchain/bin/../lib/gcc/arm-none-eabi/6.3.1/../../../../arm-none-eabi/lib/thumb/v7e-m\libc.a(lib_a-memcpy.o)
                0x00406f70                memcpy
 .text.__malloc_lock
                0x004070a4        0xc c:/program files (x86)/atmel/studio/7.0/toolchain/arm/arm-gnu-toolchain/bin/../lib/gcc/arm-none-eabi/6.3.1/../../../../arm-none-eabi/lib/thumb/v7e-m\libc.a(lib_a-mlock.o)
                0x004070a4                __malloc_lock
 .text.__malloc_unlock
                0x004070b0        0xc c:/program files (x86)/atmel/studio/7.0/toolchain/arm/arm-gnu-toolchain/bin/../lib/gcc/arm-none-eabi/6.3.1/../../../../arm-none-eabi/lib/thumb/v7e-m\libc.a(lib_a-mlock.o)
                0x004070b0                __malloc_unlock
 .text._Balloc  0x004070bc       0x4c c:/program files (x86)/atmel/studio/7.0/toolchain/arm/arm-gnu-toolchain/bin/../lib/gcc/arm-none-eabi/6.3.1/../../../../arm-none-eabi/lib/thumb/v7e-m\libc.a(lib_a-mprec.o)
                0x004070bc                _Balloc
 .text._Bfree   0x00407108       0x14 c:/program files (x86)/atmel/studio/7.0/toolchain/arm/arm-gnu-toolchain/bin/../lib/gcc/arm-none-eabi/6.3.1/../../../../arm-none-eabi/lib/thumb/v7e-m\libc.a(lib_a-mprec.o)
                0x00407108                _Bfree
 .text.__multadd
                0x0040711c       0x80 c:/program files (x86)/atmel/studio/7.0/toolchain/arm/arm-gnu-toolchain/bin/../lib/gcc/arm-none-eabi/6.3.1/../../../../arm-none-eabi/lib/thumb/v7e-m\libc.a(lib_a-mprec.o)
                0x0040711c                __multadd
 .text.__hi0bits
                0x0040719c       0x40 c:/program files (x86)/atmel/studio/7.0/toolchain/arm/arm-gnu-toolchain/bin/../lib/gcc/arm-none-eabi/6.3.1/../../../../arm-none-eabi/lib/thumb/v7e-m\libc.a(lib_a-mprec.o)
                0x0040719c                __hi0bits
 .text.__lo0bits
                0x004071dc       0x60 c:/program files (x86)/atmel/studio/7.0/toolchain/arm/arm-gnu-toolchain/bin/../lib/gcc/arm-none-eabi/6.3.1/../../../../arm-none-eabi/lib/thumb/v7e-m\libc.a(lib_a-mprec.o)
                0x004071dc                __lo0bits
 .text.__i2b    0x0040723c       0x14 c:/program files (x86)/atmel/studio/7.0/toolchain/arm/arm-gnu-toolchain/bin/../lib/gcc/arm-none-eabi/6.3.1/../../../../arm-none-eabi/lib/thumb/v7e-m\libc.a(lib_a-mprec.o)
                0x0040723c                __i2b
 .text.__multiply
                0x00407250      0x124 c:/program files (x86)/atmel/studio/7.0/toolchain/arm/arm-gnu-toolchain/bin/../lib/gcc/arm-none-eabi/6.3.1/../../../../arm-none-eabi/lib/thumb/v7e-m\libc.a(lib_a-mprec.o)
                0x00407250                __multiply
 .text.__pow5mult
                0x00407374       0xa0 c:/program files (x86)/atmel/studio/7.0/toolchain/arm/arm-gnu-toolchain/bin/../lib/gcc/arm-none-eabi/6.3.1/../../../../arm-none-eabi/lib/thumb/v7e-m\libc.a(lib_a-mprec.o)
                0x00407374                __pow5mult
 .text.__lshift
                0x00407414       0xa4 c:/program files (x86)/atmel/studio/7.0/toolchain/arm/arm-gnu-toolchain/bin/../lib/gcc/arm-none-eabi/6.3.1/../../../../arm-none-eabi/lib/thumb/v7e-m\libc.a(lib_a-mprec.o)
                0x00407414                __lshift
 .text.__mcmp   0x004074b8       0x38 c:/program files (x86)/atmel/studio/7.0/toolchain/arm/arm-gnu-toolchain/bin/../lib/gcc/arm-none-eabi/6.3.1/../../../../arm-none-eabi/lib/thumb/v7e-m\libc.a(lib_a-mprec.o)
                0x004074b8                __mcmp
 .text.__mdiff  0x004074f0      0x108 c:/program files (x86)/atmel/studio/7.0/toolchain/arm/arm-gnu-toolchain/bin/../lib/gcc/arm-none-eabi/6.3.1/../../../../arm-none-eabi/lib/thumb/v7e-m\libc.a(lib_a-mprec.o)
                0x004074f0                __mdiff
 .text.__d2b    0x004075f8       0xb8 c:/program files (x86)/atmel/studio/7.0/toolchain/arm/arm-gnu-toolchain/bin/../lib/gcc/arm-none-eabi/6.3.1/../../../../arm-none-eabi/lib/thumb/v7e-m\libc.a(lib_a-mprec.o)
                0x004075f8                __d2b
 .text._sbrk_r  0x004076b0       0x24 c:/program files (x86)/atmel/studio/7.0/toolchain/arm/arm-gnu-toolchain/bin/../lib/gcc/arm-none-eabi/6.3.1/../../../../arm-none-eabi/lib/thumb/v7e-m\libc.a(lib_a-sbrkr.o)
                0x004076b0                _sbrk_r
 *fill*         0x004076d4       0x2c 
 .text          0x00407700       0xdc c:/program files (x86)/atmel/studio/7.0/toolchain/arm/arm-gnu-toolchain/bin/../lib/gcc/arm-none-eabi/6.3.1/../../../../arm-none-eabi/lib/thumb/v7e-m\libc.a(lib_a-strlen.o)
                0x00407700                strlen
 .text.__ssprint_r
                0x004077dc       0xfc c:/program files (x86)/atmel/studio/7.0/toolchain/arm/arm-gnu-toolchain/bin/../lib/gcc/arm-none-eabi/6.3.1/../../../../arm-none-eabi/lib/thumb/v7e-m\libc.a(lib_a-svfiprintf.o)
                0x004077dc                __ssprint_r
 .text.__register_exitproc
                0x004078d8       0xc4 c:/program files (x86)/atmel/studio/7.0/toolchain/arm/arm-gnu-toolchain/bin/../lib/gcc/arm-none-eabi/6.3.1/../../../../arm-none-eabi/lib/thumb/v7e-m\libc.a(lib_a-__atexit.o)
                0x004078d8                __register_exitproc
 .text._calloc_r
                0x0040799c       0x60 c:/program files (x86)/atmel/studio/7.0/toolchain/arm/arm-gnu-toolchain/bin/../lib/gcc/arm-none-eabi/6.3.1/../../../../arm-none-eabi/lib/thumb/v7e-m\libc.a(lib_a-callocr.o)
                0x0040799c                _calloc_r
 .text._malloc_trim_r
                0x004079fc       0xa0 c:/program files (x86)/atmel/studio/7.0/toolchain/arm/arm-gnu-toolchain/bin/../lib/gcc/arm-none-eabi/6.3.1/../../../../arm-none-eabi/lib/thumb/v7e-m\libc.a(lib_a-freer.o)
                0x004079fc                _malloc_trim_r
 .text._free_r  0x00407a9c      0x1cc c:/program files (x86)/atmel/studio/7.0/toolchain/arm/arm-gnu-toolchain/bin/../lib/gcc/arm-none-eabi/6.3.1/../../../../arm-none-eabi/lib/thumb/v7e-m\libc.a(lib_a-freer.o)
                0x00407a9c                _free_r
 .text.__ascii_mbtowc
                0x00407c68       0x2c c:/program files (x86)/atmel/studio/7.0/toolchain/arm/arm-gnu-toolchain/bin/../lib/gcc/arm-none-eabi/6.3.1/../../../../arm-none-eabi/lib/thumb/v7e-m\libc.a(lib_a-mbtowc_r.o)
                0x00407c68                __ascii_mbtowc
 .text.memmove  0x00407c94       0xc8 c:/program files (x86)/atmel/studio/7.0/toolchain/arm/arm-gnu-toolchain/bin/../lib/gcc/arm-none-eabi/6.3.1/../../../../arm-none-eabi/lib/thumb/v7e-m\libc.a(lib_a-memmove.o)
                0x00407c94                memmove
 .text._realloc_r
                0x00407d5c      0x34c c:/program files (x86)/atmel/studio/7.0/toolchain/arm/arm-gnu-toolchain/bin/../lib/gcc/arm-none-eabi/6.3.1/../../../../arm-none-eabi/lib/thumb/v7e-m\libc.a(lib_a-reallocr.o)
                0x00407d5c                _realloc_r
 .text.__ascii_wctomb
                0x004080a8       0x1c c:/program files (x86)/atmel/studio/7.0/toolchain/arm/arm-gnu-toolchain/bin/../lib/gcc/arm-none-eabi/6.3.1/../../../../arm-none-eabi/lib/thumb/v7e-m\libc.a(lib_a-wctomb_r.o)
                0x004080a8                __ascii_wctomb
 .text          0x004080c4      0x110 c:/program files (x86)/atmel/studio/7.0/toolchain/arm/arm-gnu-toolchain/bin/../lib/gcc/arm-none-eabi/6.3.1/thumb/v7e-m\libgcc.a(_arm_cmpdf2.o)
                0x004080c4                __gtdf2
                0x004080c4                __gedf2
                0x004080cc                __ltdf2
                0x004080cc                __ledf2
                0x004080d4                __nedf2
                0x004080d4                __eqdf2
                0x004080d4                __cmpdf2
                0x00408150                __aeabi_cdrcmple
                0x00408160                __aeabi_cdcmpeq
                0x00408160                __aeabi_cdcmple
                0x00408170                __aeabi_dcmpeq
                0x00408184                __aeabi_dcmplt
                0x00408198                __aeabi_dcmple
                0x004081ac                __aeabi_dcmpge
                0x004081c0                __aeabi_dcmpgt
 .text          0x004081d4       0x2c c:/program files (x86)/atmel/studio/7.0/toolchain/arm/arm-gnu-toolchain/bin/../lib/gcc/arm-none-eabi/6.3.1/thumb/v7e-m\libgcc.a(_arm_unorddf2.o)
                0x004081d4                __unorddf2
                0x004081d4                __aeabi_dcmpun
 .text          0x00408200       0x30 c:/program files (x86)/atmel/studio/7.0/toolchain/arm/arm-gnu-toolchain/bin/../lib/gcc/arm-none-eabi/6.3.1/thumb/v7e-m\libgcc.a(_aeabi_uldivmod.o)
                0x00408200                __aeabi_uldivmod
 .text          0x00408230      0x2dc c:/program files (x86)/atmel/studio/7.0/toolchain/arm/arm-gnu-toolchain/bin/../lib/gcc/arm-none-eabi/6.3.1/thumb/v7e-m\libgcc.a(_udivmoddi4.o)
                0x00408230                __udivmoddi4
 .text          0x0040850c        0x4 c:/program files (x86)/atmel/studio/7.0/toolchain/arm/arm-gnu-toolchain/bin/../lib/gcc/arm-none-eabi/6.3.1/thumb/v7e-m\libgcc.a(_dvmd_tls.o)
                0x0040850c                __aeabi_idiv0
                0x0040850c                __aeabi_ldiv0
 *(.glue_7t)
 .glue_7t       0x00408510        0x0 linker stubs
 *(.glue_7)
 .glue_7        0x00408510        0x0 linker stubs
 *(.rodata .rodata* .gnu.linkonce.r.*)
 .rodata.image_data_calibri_36_0x20
                0x00408510      0x378 src/main.o
 .rodata.calibri_36_0x20
                0x00408888       0x10 src/main.o
 .rodata.image_data_calibri_36_0x21
                0x00408898      0x534 src/main.o
 .rodata.calibri_36_0x21
                0x00408dcc       0x10 src/main.o
 .rodata.image_data_calibri_36_0x22
                0x00408ddc      0x612 src/main.o
 *fill*         0x004093ee        0x2 
 .rodata.calibri_36_0x22
                0x004093f0       0x10 src/main.o
 .rodata.image_data_calibri_36_0x23
                0x00409400      0x7ce src/main.o
 *fill*         0x00409bce        0x2 
 .rodata.calibri_36_0x23
                0x00409bd0       0x10 src/main.o
 .rodata.image_data_calibri_36_0x24
                0x00409be0      0x7ce src/main.o
 *fill*         0x0040a3ae        0x2 
 .rodata.calibri_36_0x24
                0x0040a3b0       0x10 src/main.o
 .rodata.image_data_calibri_36_0x25
                0x0040a3c0      0xb46 src/main.o
 *fill*         0x0040af06        0x2 
 .rodata.calibri_36_0x25
                0x0040af08       0x10 src/main.o
 .rodata.image_data_calibri_36_0x26
                0x0040af18      0xad7 src/main.o
 *fill*         0x0040b9ef        0x1 
 .rodata.calibri_36_0x26
                0x0040b9f0       0x10 src/main.o
 .rodata.image_data_calibri_36_0x27
                0x0040ba00      0x378 src/main.o
 .rodata.calibri_36_0x27
                0x0040bd78       0x10 src/main.o
 .rodata.image_data_calibri_36_0x28
                0x0040bd88      0x4c5 src/main.o
 *fill*         0x0040c24d        0x3 
 .rodata.calibri_36_0x28
                0x0040c250       0x10 src/main.o
 .rodata.image_data_calibri_36_0x29
                0x0040c260      0x4c5 src/main.o
 *fill*         0x0040c725        0x3 
 .rodata.calibri_36_0x29
                0x0040c728       0x10 src/main.o
 .rodata.image_data_calibri_36_0x2a
                0x0040c738      0x7ce src/main.o
 *fill*         0x0040cf06        0x2 
 .rodata.calibri_36_0x2a
                0x0040cf08       0x10 src/main.o
 .rodata.image_data_calibri_36_0x2b
                0x0040cf18      0x7ce src/main.o
 *fill*         0x0040d6e6        0x2 
 .rodata.calibri_36_0x2b
                0x0040d6e8       0x10 src/main.o
 .rodata.image_data_calibri_36_0x2c
                0x0040d6f8      0x3e7 src/main.o
 *fill*         0x0040dadf        0x1 
 .rodata.calibri_36_0x2c
                0x0040dae0       0x10 src/main.o
 .rodata.image_data_calibri_36_0x2d
                0x0040daf0      0x4c5 src/main.o
 *fill*         0x0040dfb5        0x3 
 .rodata.calibri_36_0x2d
                0x0040dfb8       0x10 src/main.o
 .rodata.image_data_calibri_36_0x2e
                0x0040dfc8      0x3e7 src/main.o
 *fill*         0x0040e3af        0x1 
 .rodata.calibri_36_0x2e
                0x0040e3b0       0x10 src/main.o
 .rodata.image_data_calibri_36_0x2f
                0x0040e3c0      0x612 src/main.o
 *fill*         0x0040e9d2        0x2 
 .rodata.calibri_36_0x2f
                0x0040e9d4       0x10 src/main.o
 .rodata.image_data_calibri_36_0x30
                0x0040e9e4      0x7ce src/main.o
 *fill*         0x0040f1b2        0x2 
 .rodata.calibri_36_0x30
                0x0040f1b4       0x10 src/main.o
 .rodata.image_data_calibri_36_0x31
                0x0040f1c4      0x7ce src/main.o
 *fill*         0x0040f992        0x2 
 .rodata.calibri_36_0x31
                0x0040f994       0x10 src/main.o
 .rodata.image_data_calibri_36_0x32
                0x0040f9a4      0x7ce src/main.o
 *fill*         0x00410172        0x2 
 .rodata.calibri_36_0x32
                0x00410174       0x10 src/main.o
 .rodata.image_data_calibri_36_0x33
                0x00410184      0x7ce src/main.o
 *fill*         0x00410952        0x2 
 .rodata.calibri_36_0x33
                0x00410954       0x10 src/main.o
 .rodata.image_data_calibri_36_0x34
                0x00410964      0x7ce src/main.o
 *fill*         0x00411132        0x2 
 .rodata.calibri_36_0x34
                0x00411134       0x10 src/main.o
 .rodata.image_data_calibri_36_0x35
                0x00411144      0x7ce src/main.o
 *fill*         0x00411912        0x2 
 .rodata.calibri_36_0x35
                0x00411914       0x10 src/main.o
 .rodata.image_data_calibri_36_0x36
                0x00411924      0x7ce src/main.o
 *fill*         0x004120f2        0x2 
 .rodata.calibri_36_0x36
                0x004120f4       0x10 src/main.o
 .rodata.image_data_calibri_36_0x37
                0x00412104      0x7ce src/main.o
 *fill*         0x004128d2        0x2 
 .rodata.calibri_36_0x37
                0x004128d4       0x10 src/main.o
 .rodata.image_data_calibri_36_0x38
                0x004128e4      0x7ce src/main.o
 *fill*         0x004130b2        0x2 
 .rodata.calibri_36_0x38
                0x004130b4       0x10 src/main.o
 .rodata.image_data_calibri_36_0x39
                0x004130c4      0x7ce src/main.o
 *fill*         0x00413892        0x2 
 .rodata.calibri_36_0x39
                0x00413894       0x10 src/main.o
 .rodata.image_data_calibri_36_0x3a
                0x004138a4      0x456 src/main.o
 *fill*         0x00413cfa        0x2 
 .rodata.calibri_36_0x3a
                0x00413cfc       0x10 src/main.o
 .rodata.image_data_calibri_36_0x3b
                0x00413d0c      0x456 src/main.o
 *fill*         0x00414162        0x2 
 .rodata.calibri_36_0x3b
                0x00414164       0x10 src/main.o
 .rodata.image_data_calibri_36_0x3c
                0x00414174      0x7ce src/main.o
 *fill*         0x00414942        0x2 
 .rodata.calibri_36_0x3c
                0x00414944       0x10 src/main.o
 .rodata.image_data_calibri_36_0x3d
                0x00414954      0x7ce src/main.o
 *fill*         0x00415122        0x2 
 .rodata.calibri_36_0x3d
                0x00415124       0x10 src/main.o
 .rodata.image_data_calibri_36_0x3e
                0x00415134      0x7ce src/main.o
 *fill*         0x00415902        0x2 
 .rodata.calibri_36_0x3e
                0x00415904       0x10 src/main.o
 .rodata.image_data_calibri_36_0x3f
                0x00415914      0x75f src/main.o
 *fill*         0x00416073        0x1 
 .rodata.calibri_36_0x3f
                0x00416074       0x10 src/main.o
 .rodata.image_data_calibri_36_0x40
                0x00416084      0xde0 src/main.o
 .rodata.calibri_36_0x40
                0x00416e64       0x10 src/main.o
 .rodata.image_data_calibri_36_0x41
                0x00416e74      0x91b src/main.o
 *fill*         0x0041778f        0x1 
 .rodata.calibri_36_0x41
                0x00417790       0x10 src/main.o
 .rodata.image_data_calibri_36_0x42
                0x004177a0      0x8ac src/main.o
 .rodata.calibri_36_0x42
                0x0041804c       0x10 src/main.o
 .rodata.image_data_calibri_36_0x43
                0x0041805c      0x83d src/main.o
 *fill*         0x00418899        0x3 
 .rodata.calibri_36_0x43
                0x0041889c       0x10 src/main.o
 .rodata.image_data_calibri_36_0x44
                0x004188ac      0x98a src/main.o
 *fill*         0x00419236        0x2 
 .rodata.calibri_36_0x44
                0x00419238       0x10 src/main.o
 .rodata.image_data_calibri_36_0x45
                0x00419248      0x7ce src/main.o
 *fill*         0x00419a16        0x2 
 .rodata.calibri_36_0x45
                0x00419a18       0x10 src/main.o
 .rodata.image_data_calibri_36_0x46
                0x00419a28      0x75f src/main.o
 *fill*         0x0041a187        0x1 
 .rodata.calibri_36_0x46
                0x0041a188       0x10 src/main.o
 .rodata.image_data_calibri_36_0x47
                0x0041a198      0x9f9 src/main.o
 *fill*         0x0041ab91        0x3 
 .rodata.calibri_36_0x47
                0x0041ab94       0x10 src/main.o
 .rodata.image_data_calibri_36_0x48
                0x0041aba4      0x98a src/main.o
 *fill*         0x0041b52e        0x2 
 .rodata.calibri_36_0x48
                0x0041b530       0x10 src/main.o
 .rodata.image_data_calibri_36_0x49
                0x0041b540      0x3e7 src/main.o
 *fill*         0x0041b927        0x1 
 .rodata.calibri_36_0x49
                0x0041b928       0x10 src/main.o
 .rodata.image_data_calibri_36_0x4a
                0x0041b938      0x4c5 src/main.o
 *fill*         0x0041bdfd        0x3 
 .rodata.calibri_36_0x4a
                0x0041be00       0x10 src/main.o
 .rodata.image_data_calibri_36_0x4b
                0x0041be10      0x83d src/main.o
 *fill*         0x0041c64d        0x3 
 .rodata.calibri_36_0x4b
                0x0041c650       0x10 src/main.o
 .rodata.image_data_calibri_36_0x4c
                0x0041c660      0x681 src/main.o
 *fill*         0x0041cce1        0x3 
 .rodata.calibri_36_0x4c
                0x0041cce4       0x10 src/main.o
 .rodata.image_data_calibri_36_0x4d
                0x0041ccf4      0xd71 src/main.o
 *fill*         0x0041da65        0x3 
 .rodata.calibri_36_0x4d
                0x0041da68       0x10 src/main.o
 .rodata.image_data_calibri_36_0x4e
                0x0041da78      0x9f9 src/main.o
 *fill*         0x0041e471        0x3 
 .rodata.calibri_36_0x4e
                0x0041e474       0x10 src/main.o
 .rodata.image_data_calibri_36_0x4f
                0x0041e484      0xa68 src/main.o
 .rodata.calibri_36_0x4f
                0x0041eeec       0x10 src/main.o
 .rodata.image_data_calibri_36_0x50
                0x0041eefc      0x83d src/main.o
 *fill*         0x0041f739        0x3 
 .rodata.calibri_36_0x50
                0x0041f73c       0x10 src/main.o
 .rodata.image_data_calibri_36_0x51
                0x0041f74c      0xad7 src/main.o
 *fill*         0x00420223        0x1 
 .rodata.calibri_36_0x51
                0x00420224       0x10 src/main.o
 .rodata.image_data_calibri_36_0x52
                0x00420234      0x8ac src/main.o
 .rodata.calibri_36_0x52
                0x00420ae0       0x10 src/main.o
 .rodata.image_data_calibri_36_0x53
                0x00420af0      0x75f src/main.o
 *fill*         0x0042124f        0x1 
 .rodata.calibri_36_0x53
                0x00421250       0x10 src/main.o
 .rodata.image_data_calibri_36_0x54
                0x00421260      0x7ce src/main.o
 *fill*         0x00421a2e        0x2 
 .rodata.calibri_36_0x54
                0x00421a30       0x10 src/main.o
 .rodata.image_data_calibri_36_0x55
                0x00421a40      0x9f9 src/main.o
 *fill*         0x00422439        0x3 
 .rodata.calibri_36_0x55
                0x0042243c       0x10 src/main.o
 .rodata.image_data_calibri_36_0x56
                0x0042244c      0x8ac src/main.o
 .rodata.calibri_36_0x56
                0x00422cf8       0x10 src/main.o
 .rodata.image_data_calibri_36_0x57
                0x00422d08      0xde0 src/main.o
 .rodata.calibri_36_0x57
                0x00423ae8       0x10 src/main.o
 .rodata.image_data_calibri_36_0x58
                0x00423af8      0x83d src/main.o
 *fill*         0x00424335        0x3 
 .rodata.calibri_36_0x58
                0x00424338       0x10 src/main.o
 .rodata.image_data_calibri_36_0x59
                0x00424348      0x7ce src/main.o
 *fill*         0x00424b16        0x2 
 .rodata.calibri_36_0x59
                0x00424b18       0x10 src/main.o
 .rodata.image_data_calibri_36_0x5a
                0x00424b28      0x75f src/main.o
 *fill*         0x00425287        0x1 
 .rodata.calibri_36_0x5a
                0x00425288       0x10 src/main.o
 .rodata.image_data_calibri_36_0x5b
                0x00425298      0x4c5 src/main.o
 *fill*         0x0042575d        0x3 
 .rodata.calibri_36_0x5b
                0x00425760       0x10 src/main.o
 .rodata.image_data_calibri_36_0x5c
                0x00425770      0x612 src/main.o
 *fill*         0x00425d82        0x2 
 .rodata.calibri_36_0x5c
                0x00425d84       0x10 src/main.o
 .rodata.image_data_calibri_36_0x5d
                0x00425d94      0x4c5 src/main.o
 *fill*         0x00426259        0x3 
 .rodata.calibri_36_0x5d
                0x0042625c       0x10 src/main.o
 .rodata.image_data_calibri_36_0x5e
                0x0042626c      0x7ce src/main.o
 *fill*         0x00426a3a        0x2 
 .rodata.calibri_36_0x5e
                0x00426a3c       0x10 src/main.o
 .rodata.image_data_calibri_36_0x5f
                0x00426a4c      0x7ce src/main.o
 *fill*         0x0042721a        0x2 
 .rodata.calibri_36_0x5f
                0x0042721c       0x10 src/main.o
 .rodata.image_data_calibri_36_0x60
                0x0042722c      0x456 src/main.o
 *fill*         0x00427682        0x2 
 .rodata.calibri_36_0x60
                0x00427684       0x10 src/main.o
 .rodata.image_data_calibri_36_0x61
                0x00427694      0x75f src/main.o
 *fill*         0x00427df3        0x1 
 .rodata.calibri_36_0x61
                0x00427df4       0x10 src/main.o
 .rodata.image_data_calibri_36_0x62
                0x00427e04      0x83d src/main.o
 *fill*         0x00428641        0x3 
 .rodata.calibri_36_0x62
                0x00428644       0x10 src/main.o
 .rodata.image_data_calibri_36_0x63
                0x00428654      0x681 src/main.o
 *fill*         0x00428cd5        0x3 
 .rodata.calibri_36_0x63
                0x00428cd8       0x10 src/main.o
 .rodata.image_data_calibri_36_0x64
                0x00428ce8      0x83d src/main.o
 *fill*         0x00429525        0x3 
 .rodata.calibri_36_0x64
                0x00429528       0x10 src/main.o
 .rodata.image_data_calibri_36_0x65
                0x00429538      0x7ce src/main.o
 *fill*         0x00429d06        0x2 
 .rodata.calibri_36_0x65
                0x00429d08       0x10 src/main.o
 .rodata.image_data_calibri_36_0x66
                0x00429d18      0x4c5 src/main.o
 *fill*         0x0042a1dd        0x3 
 .rodata.calibri_36_0x66
                0x0042a1e0       0x10 src/main.o
 .rodata.image_data_calibri_36_0x67
                0x0042a1f0      0x75f src/main.o
 *fill*         0x0042a94f        0x1 
 .rodata.calibri_36_0x67
                0x0042a950       0x10 src/main.o
 .rodata.image_data_calibri_36_0x68
                0x0042a960      0x83d src/main.o
 *fill*         0x0042b19d        0x3 
 .rodata.calibri_36_0x68
                0x0042b1a0       0x10 src/main.o
 .rodata.image_data_calibri_36_0x69
                0x0042b1b0      0x378 src/main.o
 .rodata.calibri_36_0x69
                0x0042b528       0x10 src/main.o
 .rodata.image_data_calibri_36_0x6a
                0x0042b538      0x3e7 src/main.o
 *fill*         0x0042b91f        0x1 
 .rodata.calibri_36_0x6a
                0x0042b920       0x10 src/main.o
 .rodata.image_data_calibri_36_0x6b
                0x0042b930      0x6f0 src/main.o
 .rodata.calibri_36_0x6b
                0x0042c020       0x10 src/main.o
 .rodata.image_data_calibri_36_0x6c
                0x0042c030      0x378 src/main.o
 .rodata.calibri_36_0x6c
                0x0042c3a8       0x10 src/main.o
 .rodata.image_data_calibri_36_0x6d
                0x0042c3b8      0xc93 src/main.o
 *fill*         0x0042d04b        0x1 
 .rodata.calibri_36_0x6d
                0x0042d04c       0x10 src/main.o
 .rodata.image_data_calibri_36_0x6e
                0x0042d05c      0x83d src/main.o
 *fill*         0x0042d899        0x3 
 .rodata.calibri_36_0x6e
                0x0042d89c       0x10 src/main.o
 .rodata.image_data_calibri_36_0x6f
                0x0042d8ac      0x83d src/main.o
 *fill*         0x0042e0e9        0x3 
 .rodata.calibri_36_0x6f
                0x0042e0ec       0x10 src/main.o
 .rodata.image_data_calibri_36_0x70
                0x0042e0fc      0x83d src/main.o
 *fill*         0x0042e939        0x3 
 .rodata.calibri_36_0x70
                0x0042e93c       0x10 src/main.o
 .rodata.image_data_calibri_36_0x71
                0x0042e94c      0x83d src/main.o
 *fill*         0x0042f189        0x3 
 .rodata.calibri_36_0x71
                0x0042f18c       0x10 src/main.o
 .rodata.image_data_calibri_36_0x72
                0x0042f19c      0x5a3 src/main.o
 *fill*         0x0042f73f        0x1 
 .rodata.calibri_36_0x72
                0x0042f740       0x10 src/main.o
 .rodata.image_data_calibri_36_0x73
                0x0042f750      0x612 src/main.o
 *fill*         0x0042fd62        0x2 
 .rodata.calibri_36_0x73
                0x0042fd64       0x10 src/main.o
 .rodata.image_data_calibri_36_0x74
                0x0042fd74      0x534 src/main.o
 .rodata.calibri_36_0x74
                0x004302a8       0x10 src/main.o
 .rodata.image_data_calibri_36_0x75
                0x004302b8      0x83d src/main.o
 *fill*         0x00430af5        0x3 
 .rodata.calibri_36_0x75
                0x00430af8       0x10 src/main.o
 .rodata.image_data_calibri_36_0x76
                0x00430b08      0x6f0 src/main.o
 .rodata.calibri_36_0x76
                0x004311f8       0x10 src/main.o
 .rodata.image_data_calibri_36_0x77
                0x00431208      0xb46 src/main.o
 *fill*         0x00431d4e        0x2 
 .rodata.calibri_36_0x77
                0x00431d50       0x10 src/main.o
 .rodata.image_data_calibri_36_0x78
                0x00431d60      0x6f0 src/main.o
 .rodata.calibri_36_0x78
                0x00432450       0x10 src/main.o
 .rodata.image_data_calibri_36_0x79
                0x00432460      0x6f0 src/main.o
 .rodata.calibri_36_0x79
                0x00432b50       0x10 src/main.o
 .rodata.image_data_calibri_36_0x7a
                0x00432b60      0x612 src/main.o
 *fill*         0x00433172        0x2 
 .rodata.calibri_36_0x7a
                0x00433174       0x10 src/main.o
 .rodata.image_data_calibri_36_0x7b
                0x00433184      0x4c5 src/main.o
 *fill*         0x00433649        0x3 
 .rodata.calibri_36_0x7b
                0x0043364c       0x10 src/main.o
 .rodata.image_data_calibri_36_0x7c
                0x0043365c      0x75f src/main.o
 *fill*         0x00433dbb        0x1 
 .rodata.calibri_36_0x7c
                0x00433dbc       0x10 src/main.o
 .rodata.image_data_calibri_36_0x7d
                0x00433dcc      0x4c5 src/main.o
 *fill*         0x00434291        0x3 
 .rodata.calibri_36_0x7d
                0x00434294       0x10 src/main.o
 .rodata.image_data_calibri_36_0x7e
                0x004342a4      0x7ce src/main.o
 *fill*         0x00434a72        0x2 
 .rodata.calibri_36_0x7e
                0x00434a74       0x10 src/main.o
 .rodata.calibri_36_array
                0x00434a84      0x2f8 src/main.o
 .rodata.calibri_36
                0x00434d7c        0xc src/main.o
                0x00434d7c                calibri_36
 .rodata        0x00434d88       0x38 src/main.o
 .rodata._global_impure_ptr
                0x00434dc0        0x4 c:/program files (x86)/atmel/studio/7.0/toolchain/arm/arm-gnu-toolchain/bin/../lib/gcc/arm-none-eabi/6.3.1/../../../../arm-none-eabi/lib/thumb/v7e-m\libc.a(lib_a-impure.o)
                0x00434dc0                _global_impure_ptr
 .rodata._svfprintf_r.str1.4
                0x00434dc4       0x42 c:/program files (x86)/atmel/studio/7.0/toolchain/arm/arm-gnu-toolchain/bin/../lib/gcc/arm-none-eabi/6.3.1/../../../../arm-none-eabi/lib/thumb/v7e-m\libc.a(lib_a-svfprintf.o)
 *fill*         0x00434e06        0x2 
 .rodata.blanks.7223
                0x00434e08       0x10 c:/program files (x86)/atmel/studio/7.0/toolchain/arm/arm-gnu-toolchain/bin/../lib/gcc/arm-none-eabi/6.3.1/../../../../arm-none-eabi/lib/thumb/v7e-m\libc.a(lib_a-svfprintf.o)
 .rodata.zeroes.7224
                0x00434e18       0x10 c:/program files (x86)/atmel/studio/7.0/toolchain/arm/arm-gnu-toolchain/bin/../lib/gcc/arm-none-eabi/6.3.1/../../../../arm-none-eabi/lib/thumb/v7e-m\libc.a(lib_a-svfprintf.o)
 .rodata._dtoa_r.str1.4
                0x00434e28       0x10 c:/program files (x86)/atmel/studio/7.0/toolchain/arm/arm-gnu-toolchain/bin/../lib/gcc/arm-none-eabi/6.3.1/../../../../arm-none-eabi/lib/thumb/v7e-m\libc.a(lib_a-dtoa.o)
                                 0x12 (size before relaxing)
 .rodata.__mprec_bigtens
                0x00434e38       0x28 c:/program files (x86)/atmel/studio/7.0/toolchain/arm/arm-gnu-toolchain/bin/../lib/gcc/arm-none-eabi/6.3.1/../../../../arm-none-eabi/lib/thumb/v7e-m\libc.a(lib_a-mprec.o)
                0x00434e38                __mprec_bigtens
 .rodata.__mprec_tens
                0x00434e60       0xc8 c:/program files (x86)/atmel/studio/7.0/toolchain/arm/arm-gnu-toolchain/bin/../lib/gcc/arm-none-eabi/6.3.1/../../../../arm-none-eabi/lib/thumb/v7e-m\libc.a(lib_a-mprec.o)
                0x00434e60                __mprec_tens
 .rodata.p05.6055
                0x00434f28        0xc c:/program files (x86)/atmel/studio/7.0/toolchain/arm/arm-gnu-toolchain/bin/../lib/gcc/arm-none-eabi/6.3.1/../../../../arm-none-eabi/lib/thumb/v7e-m\libc.a(lib_a-mprec.o)
 .rodata._setlocale_r.str1.4
                0x00434f34        0xa c:/program files (x86)/atmel/studio/7.0/toolchain/arm/arm-gnu-toolchain/bin/../lib/gcc/arm-none-eabi/6.3.1/../../../../arm-none-eabi/lib/thumb/v7e-m\libc.a(lib_a-locale.o)
                                  0xd (size before relaxing)
 *fill*         0x00434f3e        0x2 
 .rodata.str1.4
                0x00434f40        0x4 c:/program files (x86)/atmel/studio/7.0/toolchain/arm/arm-gnu-toolchain/bin/../lib/gcc/arm-none-eabi/6.3.1/../../../../arm-none-eabi/lib/thumb/v7e-m\libc.a(lib_a-locale.o)
                                  0x2 (size before relaxing)
 .rodata._ctype_
                0x00434f44      0x101 c:/program files (x86)/atmel/studio/7.0/toolchain/arm/arm-gnu-toolchain/bin/../lib/gcc/arm-none-eabi/6.3.1/../../../../arm-none-eabi/lib/thumb/v7e-m\libc.a(lib_a-ctype_.o)
                0x00434f44                _ctype_
 *(.ARM.extab* .gnu.linkonce.armextab.*)
                0x00435048                . = ALIGN (0x4)
 *fill*         0x00435045        0x3 
 *(.init)
 .init          0x00435048        0x4 c:/program files (x86)/atmel/studio/7.0/toolchain/arm/arm-gnu-toolchain/bin/../lib/gcc/arm-none-eabi/6.3.1/thumb/v7e-m/crti.o
                0x00435048                _init
 .init          0x0043504c        0x8 c:/program files (x86)/atmel/studio/7.0/toolchain/arm/arm-gnu-toolchain/bin/../lib/gcc/arm-none-eabi/6.3.1/thumb/v7e-m/crtn.o
                0x00435054                . = ALIGN (0x4)
                0x00435054                __preinit_array_start = .
 *(.preinit_array)
                0x00435054                __preinit_array_end = .
                0x00435054                . = ALIGN (0x4)
                0x00435054                __init_array_start = .
 *(SORT(.init_array.*))
 .init_array.00000
                0x00435054        0x4 c:/program files (x86)/atmel/studio/7.0/toolchain/arm/arm-gnu-toolchain/bin/../lib/gcc/arm-none-eabi/6.3.1/../../../../arm-none-eabi/lib/thumb/v7e-m\libc.a(lib_a-__call_atexit.o)
 *(.init_array)
 .init_array    0x00435058        0x4 c:/program files (x86)/atmel/studio/7.0/toolchain/arm/arm-gnu-toolchain/bin/../lib/gcc/arm-none-eabi/6.3.1/thumb/v7e-m/crtbegin.o
                0x0043505c                __init_array_end = .
                0x0043505c                . = ALIGN (0x4)
 *crtbegin.o(.ctors)
 *(EXCLUDE_FILE(*crtend.o) .ctors)
 *(SORT(.ctors.*))
 *crtend.o(.ctors)
                0x0043505c                . = ALIGN (0x4)
 *(.fini)
 .fini          0x0043505c        0x4 c:/program files (x86)/atmel/studio/7.0/toolchain/arm/arm-gnu-toolchain/bin/../lib/gcc/arm-none-eabi/6.3.1/thumb/v7e-m/crti.o
                0x0043505c                _fini
 .fini          0x00435060        0x8 c:/program files (x86)/atmel/studio/7.0/toolchain/arm/arm-gnu-toolchain/bin/../lib/gcc/arm-none-eabi/6.3.1/thumb/v7e-m/crtn.o
                0x00435068                . = ALIGN (0x4)
                0x00435068                __fini_array_start = .
 *(.fini_array)
 .fini_array    0x00435068        0x4 c:/program files (x86)/atmel/studio/7.0/toolchain/arm/arm-gnu-toolchain/bin/../lib/gcc/arm-none-eabi/6.3.1/thumb/v7e-m/crtbegin.o
 *(SORT(.fini_array.*))
                0x0043506c                __fini_array_end = .
 *crtbegin.o(.dtors)
 *(EXCLUDE_FILE(*crtend.o) .dtors)
 *(SORT(.dtors.*))
 *crtend.o(.dtors)
                0x0043506c                . = ALIGN (0x4)
                0x0043506c                _efixed = .
                [!provide]                PROVIDE (__exidx_start, .)

.vfp11_veneer   0x0043506c        0x0
 .vfp11_veneer  0x0043506c        0x0 linker stubs

.v4_bx          0x0043506c        0x0
 .v4_bx         0x0043506c        0x0 linker stubs

.iplt           0x0043506c        0x0
 .iplt          0x0043506c        0x0 c:/program files (x86)/atmel/studio/7.0/toolchain/arm/arm-gnu-toolchain/bin/../lib/gcc/arm-none-eabi/6.3.1/thumb/v7e-m/crtbegin.o

.ARM.exidx      0x0043506c        0x8
 *(.ARM.exidx* .gnu.linkonce.armexidx.*)
 .ARM.exidx     0x0043506c        0x8 c:/program files (x86)/atmel/studio/7.0/toolchain/arm/arm-gnu-toolchain/bin/../lib/gcc/arm-none-eabi/6.3.1/thumb/v7e-m\libgcc.a(_udivmoddi4.o)
                [!provide]                PROVIDE (__exidx_end, .)

.eh_frame       0x00435074        0x0
 .eh_frame      0x00435074        0x0 c:/program files (x86)/atmel/studio/7.0/toolchain/arm/arm-gnu-toolchain/bin/../lib/gcc/arm-none-eabi/6.3.1/thumb/v7e-m/crtbegin.o

.rel.dyn        0x00435074        0x0
 .rel.iplt      0x00435074        0x0 c:/program files (x86)/atmel/studio/7.0/toolchain/arm/arm-gnu-toolchain/bin/../lib/gcc/arm-none-eabi/6.3.1/thumb/v7e-m/crtbegin.o

.jcr            0x00435074        0x0
 .jcr           0x00435074        0x0 c:/program files (x86)/atmel/studio/7.0/toolchain/arm/arm-gnu-toolchain/bin/../lib/gcc/arm-none-eabi/6.3.1/thumb/v7e-m/crtbegin.o

.igot.plt       0x00435074        0x0
 .igot.plt      0x00435074        0x0 c:/program files (x86)/atmel/studio/7.0/toolchain/arm/arm-gnu-toolchain/bin/../lib/gcc/arm-none-eabi/6.3.1/thumb/v7e-m/crtbegin.o
                0x00435074                . = ALIGN (0x4)
                0x00435074                _etext = .

.relocate       0x20400000      0x9b8 load address 0x00435074
                0x20400000                . = ALIGN (0x4)
                0x20400000                _srelocate = .
 *(.ramfunc .ramfunc.*)
 *(.data .data.*)
 .data.g_interrupt_enabled
                0x20400000        0x1 src/ASF/common/utils/interrupt/interrupt_sam_nvic.o
                0x20400000                g_interrupt_enabled
 *fill*         0x20400001        0x3 
 .data.ul_flash_in_wait_mode
                0x20400004        0x4 src/ASF/sam/drivers/pmc/pmc.o
 .data.SystemCoreClock
                0x20400008        0x4 src/ASF/sam/utils/cmsis/same70/source/templates/system_same70.o
                0x20400008                SystemCoreClock
 .data._impure_ptr
                0x2040000c        0x4 c:/program files (x86)/atmel/studio/7.0/toolchain/arm/arm-gnu-toolchain/bin/../lib/gcc/arm-none-eabi/6.3.1/../../../../arm-none-eabi/lib/thumb/v7e-m\libc.a(lib_a-impure.o)
                0x2040000c                _impure_ptr
 .data.impure_data
                0x20400010      0x428 c:/program files (x86)/atmel/studio/7.0/toolchain/arm/arm-gnu-toolchain/bin/../lib/gcc/arm-none-eabi/6.3.1/../../../../arm-none-eabi/lib/thumb/v7e-m\libc.a(lib_a-impure.o)
 .data.__atexit_recursive_mutex
                0x20400438        0x4 c:/program files (x86)/atmel/studio/7.0/toolchain/arm/arm-gnu-toolchain/bin/../lib/gcc/arm-none-eabi/6.3.1/../../../../arm-none-eabi/lib/thumb/v7e-m\libc.a(lib_a-__call_atexit.o)
                0x20400438                __atexit_recursive_mutex
 .data.__malloc_av_
                0x2040043c      0x408 c:/program files (x86)/atmel/studio/7.0/toolchain/arm/arm-gnu-toolchain/bin/../lib/gcc/arm-none-eabi/6.3.1/../../../../arm-none-eabi/lib/thumb/v7e-m\libc.a(lib_a-mallocr.o)
                0x2040043c                __malloc_av_
 .data.__malloc_sbrk_base
                0x20400844        0x4 c:/program files (x86)/atmel/studio/7.0/toolchain/arm/arm-gnu-toolchain/bin/../lib/gcc/arm-none-eabi/6.3.1/../../../../arm-none-eabi/lib/thumb/v7e-m\libc.a(lib_a-mallocr.o)
                0x20400844                __malloc_sbrk_base
 .data.__malloc_trim_threshold
                0x20400848        0x4 c:/program files (x86)/atmel/studio/7.0/toolchain/arm/arm-gnu-toolchain/bin/../lib/gcc/arm-none-eabi/6.3.1/../../../../arm-none-eabi/lib/thumb/v7e-m\libc.a(lib_a-mallocr.o)
                0x20400848                __malloc_trim_threshold
 .data.__global_locale
                0x2040084c      0x16c c:/program files (x86)/atmel/studio/7.0/toolchain/arm/arm-gnu-toolchain/bin/../lib/gcc/arm-none-eabi/6.3.1/../../../../arm-none-eabi/lib/thumb/v7e-m\libc.a(lib_a-locale.o)
                0x2040084c                __global_locale
                0x204009b8                . = ALIGN (0x4)
                0x204009b8                _erelocate = .

.bss            0x204009b8      0x548 load address 0x00435a2c
                0x204009b8                . = ALIGN (0x4)
                0x204009b8                _sbss = .
                0x204009b8                _szero = .
 *(.bss .bss.*)
 .bss           0x204009b8       0x1c c:/program files (x86)/atmel/studio/7.0/toolchain/arm/arm-gnu-toolchain/bin/../lib/gcc/arm-none-eabi/6.3.1/thumb/v7e-m/crtbegin.o
 .bss.g_wobits_in_rtt_mr
                0x204009d4        0x4 src/ASF/sam/drivers/rtt/rtt.o
 .bss.count     0x204009d8        0x4 src/main.o
                0x204009d8                count
 .bss.countvel  0x204009dc        0x4 src/main.o
                0x204009dc                countvel
 .bss.dist      0x204009e0        0x4 src/main.o
                0x204009e0                dist
 .bss.f_rtt_alarme
                0x204009e4        0x1 src/main.o
                0x204009e4                f_rtt_alarme
 *fill*         0x204009e5        0x3 
 .bss.vel       0x204009e8        0x4 src/main.o
                0x204009e8                vel
 .bss.f_time    0x204009ec        0x1 src/main.o
                0x204009ec                f_time
 .bss.pause     0x204009ed        0x1 src/main.o
                0x204009ed                pause
 *fill*         0x204009ee        0x2 
 .bss.g_ul_pixel_cache
                0x204009f0      0x3c0 src/ASF/sam/components/display/ili9488/ili9488.o
 .bss.gs_interrupt_sources
                0x20400db0       0x70 src/ASF/sam/drivers/pio/pio_handler.o
 .bss.gs_ul_nb_sources
                0x20400e20        0x4 src/ASF/sam/drivers/pio/pio_handler.o
 .bss.b_is_sleep_clock_used
                0x20400e24        0x1 src/ASF/sam/drivers/pmc/sleep.o
 *fill*         0x20400e25        0x3 
 .bss.callback_clocks_restored
                0x20400e28        0x4 src/ASF/sam/drivers/pmc/sleep.o
 .bss.heap.6420
                0x20400e2c        0x4 src/ASF/sam/utils/syscalls/gcc/syscalls.o
 .bss.__malloc_current_mallinfo
                0x20400e30       0x28 c:/program files (x86)/atmel/studio/7.0/toolchain/arm/arm-gnu-toolchain/bin/../lib/gcc/arm-none-eabi/6.3.1/../../../../arm-none-eabi/lib/thumb/v7e-m\libc.a(lib_a-mallocr.o)
                0x20400e30                __malloc_current_mallinfo
 .bss.__malloc_max_sbrked_mem
                0x20400e58        0x4 c:/program files (x86)/atmel/studio/7.0/toolchain/arm/arm-gnu-toolchain/bin/../lib/gcc/arm-none-eabi/6.3.1/../../../../arm-none-eabi/lib/thumb/v7e-m\libc.a(lib_a-mallocr.o)
                0x20400e58                __malloc_max_sbrked_mem
 .bss.__malloc_max_total_mem
                0x20400e5c        0x4 c:/program files (x86)/atmel/studio/7.0/toolchain/arm/arm-gnu-toolchain/bin/../lib/gcc/arm-none-eabi/6.3.1/../../../../arm-none-eabi/lib/thumb/v7e-m\libc.a(lib_a-mallocr.o)
                0x20400e5c                __malloc_max_total_mem
 .bss.__malloc_top_pad
                0x20400e60        0x4 c:/program files (x86)/atmel/studio/7.0/toolchain/arm/arm-gnu-toolchain/bin/../lib/gcc/arm-none-eabi/6.3.1/../../../../arm-none-eabi/lib/thumb/v7e-m\libc.a(lib_a-mallocr.o)
                0x20400e60                __malloc_top_pad
 *(COMMON)
 COMMON         0x20400e64       0x74 src/main.o
                0x20400e64                Buffer_Vel
                0x20400e84                Buffer_Time
                0x20400ea4                timeN
                0x20400ea8                g_ili9488_display_opt
                0x20400eb8                Buffer_Dist
 COMMON         0x20400ed8       0x21 c:/program files (x86)/atmel/studio/7.0/toolchain/arm/arm-gnu-toolchain/bin/../lib/gcc/arm-none-eabi/6.3.1/../../../../arm-none-eabi/lib/thumb/v7e-m\libc.a(lib_a-lock.o)
                0x20400ed8                __lock___atexit_recursive_mutex
                0x20400edc                __lock___arc4random_mutex
                0x20400ee0                __lock___env_recursive_mutex
                0x20400ee4                __lock___sinit_recursive_mutex
                0x20400ee8                __lock___malloc_recursive_mutex
                0x20400eec                __lock___at_quick_exit_mutex
                0x20400ef0                __lock___dd_hash_mutex
                0x20400ef4                __lock___tz_mutex
                0x20400ef8                __lock___sfp_recursive_mutex
 *fill*         0x20400ef9        0x3 
 COMMON         0x20400efc        0x4 c:/program files (x86)/atmel/studio/7.0/toolchain/arm/arm-gnu-toolchain/bin/../lib/gcc/arm-none-eabi/6.3.1/../../../../arm-none-eabi/lib/thumb/v7e-m\libc.a(lib_a-reent.o)
                0x20400efc                errno
                0x20400f00                . = ALIGN (0x4)
                0x20400f00                _ebss = .
                0x20400f00                _ezero = .

.stack          0x20400f00     0x2000 load address 0x00435f74
                0x20400f00                . = ALIGN (0x8)
                0x20400f00                _sstack = .
                0x20402f00                . = (. + STACK_SIZE)
 *fill*         0x20400f00     0x2000 
                0x20402f00                . = ALIGN (0x8)
                0x20402f00                _estack = .

.heap           0x20402f00      0x200 load address 0x00437f74
                0x20402f00                . = ALIGN (0x8)
                0x20402f00                _sheap = .
                0x20403100                . = (. + HEAP_SIZE)
 *fill*         0x20402f00      0x200 
                0x20403100                . = ALIGN (0x8)
                0x20403100                _eheap = .
                0x20403100                . = ALIGN (0x4)
                0x20403100                _end = .
                0x2045ffff                _ram_end_ = ((ORIGIN (ram) + LENGTH (ram)) - 0x1)
OUTPUT(SAME70_FONTS.elf elf32-littlearm)

.ARM.attributes
                0x00000000       0x2e
 .ARM.attributes
                0x00000000       0x1e c:/program files (x86)/atmel/studio/7.0/toolchain/arm/arm-gnu-toolchain/bin/../lib/gcc/arm-none-eabi/6.3.1/thumb/v7e-m/crti.o
 .ARM.attributes
                0x0000001e       0x2e c:/program files (x86)/atmel/studio/7.0/toolchain/arm/arm-gnu-toolchain/bin/../lib/gcc/arm-none-eabi/6.3.1/thumb/v7e-m/crtbegin.o
 .ARM.attributes
                0x0000004c       0x37 src/ASF/sam/drivers/rtc/rtc.o
 .ARM.attributes
                0x00000083       0x37 src/ASF/sam/drivers/rtt/rtt.o
 .ARM.attributes
                0x000000ba       0x37 src/main.o
 .ARM.attributes
                0x000000f1       0x37 src/ASF/common/services/spi/sam_spi/spi_master.o
 .ARM.attributes
                0x00000128       0x37 src/ASF/sam/components/display/ili9488/ili9488.o
 .ARM.attributes
                0x0000015f       0x37 src/ASF/sam/drivers/spi/spi.o
 .ARM.attributes
                0x00000196       0x37 src/ASF/common/services/clock/same70/sysclk.o
 .ARM.attributes
                0x000001cd       0x37 src/ASF/common/utils/interrupt/interrupt_sam_nvic.o
 .ARM.attributes
                0x00000204       0x37 src/ASF/sam/boards/same70_xplained/init.o
 .ARM.attributes
                0x0000023b       0x37 src/ASF/sam/drivers/pio/pio.o
 .ARM.attributes
                0x00000272       0x37 src/ASF/sam/drivers/pio/pio_handler.o
 .ARM.attributes
                0x000002a9       0x37 src/ASF/sam/drivers/pmc/pmc.o
 .ARM.attributes
                0x000002e0       0x37 src/ASF/sam/drivers/pmc/sleep.o
 .ARM.attributes
                0x00000317       0x37 src/ASF/sam/utils/cmsis/same70/source/templates/gcc/startup_same70.o
 .ARM.attributes
                0x0000034e       0x37 src/ASF/sam/utils/cmsis/same70/source/templates/system_same70.o
 .ARM.attributes
                0x00000385       0x37 src/ASF/sam/utils/syscalls/gcc/syscalls.o
 .ARM.attributes
                0x000003bc       0x1e c:/program files (x86)/atmel/studio/7.0/toolchain/arm/arm-gnu-toolchain/bin/../lib/gcc/arm-none-eabi/6.3.1/thumb/v7e-m\libgcc.a(_arm_addsubdf3.o)
 .ARM.attributes
                0x000003da       0x1e c:/program files (x86)/atmel/studio/7.0/toolchain/arm/arm-gnu-toolchain/bin/../lib/gcc/arm-none-eabi/6.3.1/thumb/v7e-m\libgcc.a(_arm_muldivdf3.o)
 .ARM.attributes
                0x000003f8       0x1e c:/program files (x86)/atmel/studio/7.0/toolchain/arm/arm-gnu-toolchain/bin/../lib/gcc/arm-none-eabi/6.3.1/thumb/v7e-m\libgcc.a(_arm_fixdfsi.o)
 .ARM.attributes
                0x00000416       0x1e c:/program files (x86)/atmel/studio/7.0/toolchain/arm/arm-gnu-toolchain/bin/../lib/gcc/arm-none-eabi/6.3.1/thumb/v7e-m\libgcc.a(_arm_fixunsdfsi.o)
 .ARM.attributes
                0x00000434       0x2e c:/program files (x86)/atmel/studio/7.0/toolchain/arm/arm-gnu-toolchain/bin/../lib/gcc/arm-none-eabi/6.3.1/../../../../arm-none-eabi/lib/thumb/v7e-m\libc.a(lib_a-impure.o)
 .ARM.attributes
                0x00000462       0x2e c:/program files (x86)/atmel/studio/7.0/toolchain/arm/arm-gnu-toolchain/bin/../lib/gcc/arm-none-eabi/6.3.1/../../../../arm-none-eabi/lib/thumb/v7e-m\libc.a(lib_a-init.o)
 .ARM.attributes
                0x00000490       0x2e c:/program files (x86)/atmel/studio/7.0/toolchain/arm/arm-gnu-toolchain/bin/../lib/gcc/arm-none-eabi/6.3.1/../../../../arm-none-eabi/lib/thumb/v7e-m\libc.a(lib_a-memset.o)
 .ARM.attributes
                0x000004be       0x2e c:/program files (x86)/atmel/studio/7.0/toolchain/arm/arm-gnu-toolchain/bin/../lib/gcc/arm-none-eabi/6.3.1/../../../../arm-none-eabi/lib/thumb/v7e-m\libc.a(lib_a-sprintf.o)
 .ARM.attributes
                0x000004ec       0x2e c:/program files (x86)/atmel/studio/7.0/toolchain/arm/arm-gnu-toolchain/bin/../lib/gcc/arm-none-eabi/6.3.1/../../../../arm-none-eabi/lib/thumb/v7e-m\libc.a(lib_a-svfprintf.o)
 .ARM.attributes
                0x0000051a       0x2e c:/program files (x86)/atmel/studio/7.0/toolchain/arm/arm-gnu-toolchain/bin/../lib/gcc/arm-none-eabi/6.3.1/../../../../arm-none-eabi/lib/thumb/v7e-m\libc.a(lib_a-__call_atexit.o)
 .ARM.attributes
                0x00000548       0x2e c:/program files (x86)/atmel/studio/7.0/toolchain/arm/arm-gnu-toolchain/bin/../lib/gcc/arm-none-eabi/6.3.1/../../../../arm-none-eabi/lib/thumb/v7e-m\libc.a(lib_a-atexit.o)
 .ARM.attributes
                0x00000576       0x2e c:/program files (x86)/atmel/studio/7.0/toolchain/arm/arm-gnu-toolchain/bin/../lib/gcc/arm-none-eabi/6.3.1/../../../../arm-none-eabi/lib/thumb/v7e-m\libc.a(lib_a-dtoa.o)
 .ARM.attributes
                0x000005a4       0x2e c:/program files (x86)/atmel/studio/7.0/toolchain/arm/arm-gnu-toolchain/bin/../lib/gcc/arm-none-eabi/6.3.1/../../../../arm-none-eabi/lib/thumb/v7e-m\libc.a(lib_a-fini.o)
 .ARM.attributes
                0x000005d2       0x2e c:/program files (x86)/atmel/studio/7.0/toolchain/arm/arm-gnu-toolchain/bin/../lib/gcc/arm-none-eabi/6.3.1/../../../../arm-none-eabi/lib/thumb/v7e-m\libc.a(lib_a-localeconv.o)
 .ARM.attributes
                0x00000600       0x2e c:/program files (x86)/atmel/studio/7.0/toolchain/arm/arm-gnu-toolchain/bin/../lib/gcc/arm-none-eabi/6.3.1/../../../../arm-none-eabi/lib/thumb/v7e-m\libc.a(lib_a-lock.o)
 .ARM.attributes
                0x0000062e       0x2e c:/program files (x86)/atmel/studio/7.0/toolchain/arm/arm-gnu-toolchain/bin/../lib/gcc/arm-none-eabi/6.3.1/../../../../arm-none-eabi/lib/thumb/v7e-m\libc.a(lib_a-mallocr.o)
 .ARM.attributes
                0x0000065c       0x1c c:/program files (x86)/atmel/studio/7.0/toolchain/arm/arm-gnu-toolchain/bin/../lib/gcc/arm-none-eabi/6.3.1/../../../../arm-none-eabi/lib/thumb/v7e-m\libc.a(lib_a-memchr.o)
 .ARM.attributes
                0x00000678       0x1c c:/program files (x86)/atmel/studio/7.0/toolchain/arm/arm-gnu-toolchain/bin/../lib/gcc/arm-none-eabi/6.3.1/../../../../arm-none-eabi/lib/thumb/v7e-m\libc.a(lib_a-memcpy.o)
 .ARM.attributes
                0x00000694       0x2e c:/program files (x86)/atmel/studio/7.0/toolchain/arm/arm-gnu-toolchain/bin/../lib/gcc/arm-none-eabi/6.3.1/../../../../arm-none-eabi/lib/thumb/v7e-m\libc.a(lib_a-mlock.o)
 .ARM.attributes
                0x000006c2       0x2e c:/program files (x86)/atmel/studio/7.0/toolchain/arm/arm-gnu-toolchain/bin/../lib/gcc/arm-none-eabi/6.3.1/../../../../arm-none-eabi/lib/thumb/v7e-m\libc.a(lib_a-mprec.o)
 .ARM.attributes
                0x000006f0       0x2e c:/program files (x86)/atmel/studio/7.0/toolchain/arm/arm-gnu-toolchain/bin/../lib/gcc/arm-none-eabi/6.3.1/../../../../arm-none-eabi/lib/thumb/v7e-m\libc.a(lib_a-sbrkr.o)
 .ARM.attributes
                0x0000071e       0x1c c:/program files (x86)/atmel/studio/7.0/toolchain/arm/arm-gnu-toolchain/bin/../lib/gcc/arm-none-eabi/6.3.1/../../../../arm-none-eabi/lib/thumb/v7e-m\libc.a(lib_a-strlen.o)
 .ARM.attributes
                0x0000073a       0x2e c:/program files (x86)/atmel/studio/7.0/toolchain/arm/arm-gnu-toolchain/bin/../lib/gcc/arm-none-eabi/6.3.1/../../../../arm-none-eabi/lib/thumb/v7e-m\libc.a(lib_a-svfiprintf.o)
 .ARM.attributes
                0x00000768       0x2e c:/program files (x86)/atmel/studio/7.0/toolchain/arm/arm-gnu-toolchain/bin/../lib/gcc/arm-none-eabi/6.3.1/../../../../arm-none-eabi/lib/thumb/v7e-m\libc.a(lib_a-__atexit.o)
 .ARM.attributes
                0x00000796       0x2e c:/program files (x86)/atmel/studio/7.0/toolchain/arm/arm-gnu-toolchain/bin/../lib/gcc/arm-none-eabi/6.3.1/../../../../arm-none-eabi/lib/thumb/v7e-m\libc.a(lib_a-callocr.o)
 .ARM.attributes
                0x000007c4       0x2e c:/program files (x86)/atmel/studio/7.0/toolchain/arm/arm-gnu-toolchain/bin/../lib/gcc/arm-none-eabi/6.3.1/../../../../arm-none-eabi/lib/thumb/v7e-m\libc.a(lib_a-freer.o)
 .ARM.attributes
                0x000007f2       0x2e c:/program files (x86)/atmel/studio/7.0/toolchain/arm/arm-gnu-toolchain/bin/../lib/gcc/arm-none-eabi/6.3.1/../../../../arm-none-eabi/lib/thumb/v7e-m\libc.a(lib_a-locale.o)
 .ARM.attributes
                0x00000820       0x2e c:/program files (x86)/atmel/studio/7.0/toolchain/arm/arm-gnu-toolchain/bin/../lib/gcc/arm-none-eabi/6.3.1/../../../../arm-none-eabi/lib/thumb/v7e-m\libc.a(lib_a-mbtowc_r.o)
 .ARM.attributes
                0x0000084e       0x2e c:/program files (x86)/atmel/studio/7.0/toolchain/arm/arm-gnu-toolchain/bin/../lib/gcc/arm-none-eabi/6.3.1/../../../../arm-none-eabi/lib/thumb/v7e-m\libc.a(lib_a-memmove.o)
 .ARM.attributes
                0x0000087c       0x2e c:/program files (x86)/atmel/studio/7.0/toolchain/arm/arm-gnu-toolchain/bin/../lib/gcc/arm-none-eabi/6.3.1/../../../../arm-none-eabi/lib/thumb/v7e-m\libc.a(lib_a-reallocr.o)
 .ARM.attributes
                0x000008aa       0x2e c:/program files (x86)/atmel/studio/7.0/toolchain/arm/arm-gnu-toolchain/bin/../lib/gcc/arm-none-eabi/6.3.1/../../../../arm-none-eabi/lib/thumb/v7e-m\libc.a(lib_a-reent.o)
 .ARM.attributes
                0x000008d8       0x2e c:/program files (x86)/atmel/studio/7.0/toolchain/arm/arm-gnu-toolchain/bin/../lib/gcc/arm-none-eabi/6.3.1/../../../../arm-none-eabi/lib/thumb/v7e-m\libc.a(lib_a-wctomb_r.o)
 .ARM.attributes
                0x00000906       0x2e c:/program files (x86)/atmel/studio/7.0/toolchain/arm/arm-gnu-toolchain/bin/../lib/gcc/arm-none-eabi/6.3.1/../../../../arm-none-eabi/lib/thumb/v7e-m\libc.a(lib_a-ctype_.o)
 .ARM.attributes
                0x00000934       0x1e c:/program files (x86)/atmel/studio/7.0/toolchain/arm/arm-gnu-toolchain/bin/../lib/gcc/arm-none-eabi/6.3.1/thumb/v7e-m\libgcc.a(_arm_cmpdf2.o)
 .ARM.attributes
                0x00000952       0x1e c:/program files (x86)/atmel/studio/7.0/toolchain/arm/arm-gnu-toolchain/bin/../lib/gcc/arm-none-eabi/6.3.1/thumb/v7e-m\libgcc.a(_arm_unorddf2.o)
 .ARM.attributes
                0x00000970       0x1e c:/program files (x86)/atmel/studio/7.0/toolchain/arm/arm-gnu-toolchain/bin/../lib/gcc/arm-none-eabi/6.3.1/thumb/v7e-m\libgcc.a(_aeabi_uldivmod.o)
 .ARM.attributes
                0x0000098e       0x2e c:/program files (x86)/atmel/studio/7.0/toolchain/arm/arm-gnu-toolchain/bin/../lib/gcc/arm-none-eabi/6.3.1/thumb/v7e-m\libgcc.a(_udivmoddi4.o)
 .ARM.attributes
                0x000009bc       0x1e c:/program files (x86)/atmel/studio/7.0/toolchain/arm/arm-gnu-toolchain/bin/../lib/gcc/arm-none-eabi/6.3.1/thumb/v7e-m\libgcc.a(_dvmd_tls.o)
 .ARM.attributes
                0x000009da       0x1e c:/program files (x86)/atmel/studio/7.0/toolchain/arm/arm-gnu-toolchain/bin/../lib/gcc/arm-none-eabi/6.3.1/thumb/v7e-m/crtn.o

.comment        0x00000000       0x59
 .comment       0x00000000       0x59 src/ASF/sam/drivers/rtc/rtc.o
                                 0x5a (size before relaxing)
 .comment       0x00000059       0x5a src/ASF/sam/drivers/rtt/rtt.o
 .comment       0x00000059       0x5a src/main.o
 .comment       0x00000059       0x5a src/ASF/common/services/spi/sam_spi/spi_master.o
 .comment       0x00000059       0x5a src/ASF/sam/components/display/ili9488/ili9488.o
 .comment       0x00000059       0x5a src/ASF/sam/drivers/spi/spi.o
 .comment       0x00000059       0x5a src/ASF/common/services/clock/same70/sysclk.o
 .comment       0x00000059       0x5a src/ASF/common/utils/interrupt/interrupt_sam_nvic.o
 .comment       0x00000059       0x5a src/ASF/sam/boards/same70_xplained/init.o
 .comment       0x00000059       0x5a src/ASF/sam/drivers/pio/pio.o
 .comment       0x00000059       0x5a src/ASF/sam/drivers/pio/pio_handler.o
 .comment       0x00000059       0x5a src/ASF/sam/drivers/pmc/pmc.o
 .comment       0x00000059       0x5a src/ASF/sam/drivers/pmc/sleep.o
 .comment       0x00000059       0x5a src/ASF/sam/utils/cmsis/same70/source/templates/gcc/startup_same70.o
 .comment       0x00000059       0x5a src/ASF/sam/utils/cmsis/same70/source/templates/system_same70.o
 .comment       0x00000059       0x5a src/ASF/sam/utils/syscalls/gcc/syscalls.o

.debug_info     0x00000000    0x1736c
 .debug_info    0x00000000     0x1158 src/ASF/sam/drivers/rtc/rtc.o
 .debug_info    0x00001158      0xcaf src/ASF/sam/drivers/rtt/rtt.o
 .debug_info    0x00001e07     0x3aef src/main.o
 .debug_info    0x000058f6     0x143e src/ASF/common/services/spi/sam_spi/spi_master.o
 .debug_info    0x00006d34     0x208c src/ASF/sam/components/display/ili9488/ili9488.o
 .debug_info    0x00008dc0     0x1123 src/ASF/sam/drivers/spi/spi.o
 .debug_info    0x00009ee3     0x1311 src/ASF/common/services/clock/same70/sysclk.o
 .debug_info    0x0000b1f4      0xb06 src/ASF/common/utils/interrupt/interrupt_sam_nvic.o
 .debug_info    0x0000bcfa     0x1fcd src/ASF/sam/boards/same70_xplained/init.o
 .debug_info    0x0000dcc7     0x1ce3 src/ASF/sam/drivers/pio/pio.o
 .debug_info    0x0000f9aa     0x1a74 src/ASF/sam/drivers/pio/pio_handler.o
 .debug_info    0x0001141e     0x1eed src/ASF/sam/drivers/pmc/pmc.o
 .debug_info    0x0001330b     0x16bf src/ASF/sam/drivers/pmc/sleep.o
 .debug_info    0x000149ca     0x1612 src/ASF/sam/utils/cmsis/same70/source/templates/gcc/startup_same70.o
 .debug_info    0x00015fdc      0x5d4 src/ASF/sam/utils/cmsis/same70/source/templates/system_same70.o
 .debug_info    0x000165b0      0xdbc src/ASF/sam/utils/syscalls/gcc/syscalls.o

.debug_abbrev   0x00000000     0x2aa1
 .debug_abbrev  0x00000000      0x257 src/ASF/sam/drivers/rtc/rtc.o
 .debug_abbrev  0x00000257      0x203 src/ASF/sam/drivers/rtt/rtt.o
 .debug_abbrev  0x0000045a      0x3fd src/main.o
 .debug_abbrev  0x00000857      0x305 src/ASF/common/services/spi/sam_spi/spi_master.o
 .debug_abbrev  0x00000b5c      0x2f4 src/ASF/sam/components/display/ili9488/ili9488.o
 .debug_abbrev  0x00000e50      0x2cf src/ASF/sam/drivers/spi/spi.o
 .debug_abbrev  0x0000111f      0x296 src/ASF/common/services/clock/same70/sysclk.o
 .debug_abbrev  0x000013b5      0x214 src/ASF/common/utils/interrupt/interrupt_sam_nvic.o
 .debug_abbrev  0x000015c9      0x3b8 src/ASF/sam/boards/same70_xplained/init.o
 .debug_abbrev  0x00001981      0x296 src/ASF/sam/drivers/pio/pio.o
 .debug_abbrev  0x00001c17      0x2c9 src/ASF/sam/drivers/pio/pio_handler.o
 .debug_abbrev  0x00001ee0      0x2ce src/ASF/sam/drivers/pmc/pmc.o
 .debug_abbrev  0x000021ae      0x2df src/ASF/sam/drivers/pmc/sleep.o
 .debug_abbrev  0x0000248d      0x2e8 src/ASF/sam/utils/cmsis/same70/source/templates/gcc/startup_same70.o
 .debug_abbrev  0x00002775      0x102 src/ASF/sam/utils/cmsis/same70/source/templates/system_same70.o
 .debug_abbrev  0x00002877      0x22a src/ASF/sam/utils/syscalls/gcc/syscalls.o

.debug_loc      0x00000000     0x6786
 .debug_loc     0x00000000      0x730 src/ASF/sam/drivers/rtc/rtc.o
 .debug_loc     0x00000730      0x330 src/ASF/sam/drivers/rtt/rtt.o
 .debug_loc     0x00000a60      0x734 src/main.o
 .debug_loc     0x00001194      0x830 src/ASF/common/services/spi/sam_spi/spi_master.o
 .debug_loc     0x000019c4      0xd20 src/ASF/sam/components/display/ili9488/ili9488.o
 .debug_loc     0x000026e4      0x630 src/ASF/sam/drivers/spi/spi.o
 .debug_loc     0x00002d14      0x4a0 src/ASF/common/services/clock/same70/sysclk.o
 .debug_loc     0x000031b4       0xa0 src/ASF/common/utils/interrupt/interrupt_sam_nvic.o
 .debug_loc     0x00003254      0x2b8 src/ASF/sam/boards/same70_xplained/init.o
 .debug_loc     0x0000350c     0x1174 src/ASF/sam/drivers/pio/pio.o
 .debug_loc     0x00004680      0x38c src/ASF/sam/drivers/pio/pio_handler.o
 .debug_loc     0x00004a0c     0x1744 src/ASF/sam/drivers/pmc/pmc.o
 .debug_loc     0x00006150       0xe6 src/ASF/sam/drivers/pmc/sleep.o
 .debug_loc     0x00006236      0x16c src/ASF/sam/utils/cmsis/same70/source/templates/gcc/startup_same70.o
 .debug_loc     0x000063a2       0xe4 src/ASF/sam/utils/cmsis/same70/source/templates/system_same70.o
 .debug_loc     0x00006486      0x300 src/ASF/sam/utils/syscalls/gcc/syscalls.o

.debug_aranges  0x00000000      0xb80
 .debug_aranges
                0x00000000       0xb8 src/ASF/sam/drivers/rtc/rtc.o
 .debug_aranges
                0x000000b8       0x60 src/ASF/sam/drivers/rtt/rtt.o
 .debug_aranges
                0x00000118       0xe0 src/main.o
 .debug_aranges
                0x000001f8       0xe0 src/ASF/common/services/spi/sam_spi/spi_master.o
 .debug_aranges
                0x000002d8      0x168 src/ASF/sam/components/display/ili9488/ili9488.o
 .debug_aranges
                0x00000440       0xa8 src/ASF/sam/drivers/spi/spi.o
 .debug_aranges
                0x000004e8       0x98 src/ASF/common/services/clock/same70/sysclk.o
 .debug_aranges
                0x00000580       0x28 src/ASF/common/utils/interrupt/interrupt_sam_nvic.o
 .debug_aranges
                0x000005a8       0x60 src/ASF/sam/boards/same70_xplained/init.o
 .debug_aranges
                0x00000608      0x1a8 src/ASF/sam/drivers/pio/pio.o
 .debug_aranges
                0x000007b0       0x80 src/ASF/sam/drivers/pio/pio_handler.o
 .debug_aranges
                0x00000830      0x250 src/ASF/sam/drivers/pmc/pmc.o
 .debug_aranges